\BOOKMARK [1][-]{section.1}{\376\377\000P\000a\000n\000o\000r\000a\000m\000a\000\040\000g\000e\000n\000e\000r\000a\000l}{}% 1
\BOOKMARK [2][-]{subsection.1.1}{\376\377\000D\000e\000\040\000q\000u\000\351\000\040\000s\000e\000\040\000t\000r\000a\000t\000a\000\040\000e\000l\000\040\000p\000r\000o\000y\000e\000c\000t\000o}{section.1}% 2
\BOOKMARK [2][-]{subsection.1.2}{\376\377\000R\000e\000s\000u\000m\000e\000n\000\040\000a\000u\000t\000o\000r\000i\000t\000a\000t\000i\000v\000o\000\040\000a\000l\000\040\0001\0002\000\040\000d\000e\000\040\000a\000g\000o\000s\000t\000o\000\040\000d\000e\000\040\0002\0000\0002\0006}{section.1}% 3
\BOOKMARK [2][-]{subsection.1.3}{\376\377\000E\000s\000c\000a\000l\000a\000\040\000d\000e\000l\000\040\000t\000r\000a\000b\000a\000j\000o}{section.1}% 4
\BOOKMARK [2][-]{subsection.1.4}{\376\377\000L\000o\000s\000\040\000d\000i\000e\000z\000\040\000r\000e\000p\000o\000s\000i\000t\000o\000r\000i\000o\000s}{section.1}% 5
\BOOKMARK [2][-]{subsection.1.5}{\376\377\000L\000a\000s\000\040\000e\000t\000a\000p\000a\000s}{section.1}% 6
\BOOKMARK [1][-]{section.2}{\376\377\000H\000a\000l\000l\000a\000z\000g\000o\000s\000\040\000d\000e\000\040\000l\000a\000\040\000r\000e\000v\000i\000s\000i\000\363\000n\000\040\000d\000e\000l\000\040\0001\0002\000\040\000d\000e\000\040\000a\000g\000o\000s\000t\000o\000\040\000d\000e\000\040\0002\0000\0002\0006}{}% 7
\BOOKMARK [2][-]{subsection.2.1}{\376\377\000L\000o\000\040\000q\000u\000e\000\040\000c\000a\000m\000b\000i\000a\000\040\000d\000e\000c\000i\000s\000i\000o\000n\000e\000s}{section.2}% 8
\BOOKMARK [2][-]{subsection.2.2}{\376\377\000C\000o\000r\000r\000e\000c\000c\000i\000o\000n\000e\000s\000\040\000a\000\040\000l\000a\000\040\000d\000o\000c\000u\000m\000e\000n\000t\000a\000c\000i\000\363\000n\000\040\000p\000r\000e\000v\000i\000a}{section.2}% 9
\BOOKMARK [2][-]{subsection.2.3}{\376\377\000E\000v\000i\000d\000e\000n\000c\000i\000a\000\040\000r\000e\000c\000u\000p\000e\000r\000a\000d\000a\000\040\000q\000u\000e\000\040\000y\000a\000\040\000e\000x\000i\000s\000t\000\355\000a}{section.2}% 10
\BOOKMARK [2][-]{subsection.2.4}{\376\377\000L\000o\000s\000\040\000s\000c\000r\000i\000p\000t\000s\000\040\000q\000u\000e\000\040\000p\000r\000o\000d\000u\000j\000e\000r\000o\000n\000\040\000e\000s\000t\000o\000s\000\040\000h\000a\000l\000l\000a\000z\000g\000o\000s}{section.2}% 11
\BOOKMARK [1][-]{section.3}{\376\377\000E\000t\000a\000p\000a\000\040\0001\000\040\040\024\000\040\000M\000a\000r\000c\000o\000\040\000t\000e\000\363\000r\000i\000c\000o}{}% 12
\BOOKMARK [2][-]{subsection.3.1}{\376\377\000P\000u\000n\000t\000o\000\040\000c\000e\000r\000o}{section.3}% 13
\BOOKMARK [2][-]{subsection.3.2}{\376\377\000F\000u\000e\000n\000t\000e\000\040\000p\000r\000i\000m\000a\000r\000i\000a\000:\000\040\000F\000o\000t\000i\000\040\000e\000t\000\040\000a\000l\000.\000,\000\040\000l\000o\000s\000\040\000o\000c\000h\000o\000\040\000c\000a\000p\000\355\000t\000u\000l\000o\000s}{section.3}% 14
\BOOKMARK [2][-]{subsection.3.3}{\376\377\000D\000e\000l\000\040\000p\000a\000p\000e\000l\000\040\000a\000l\000\040\000c\000\363\000d\000i\000g\000o\000:\000\040\000l\000o\000s\000\040\000c\000i\000n\000c\000o\000\040\000s\000c\000r\000i\000p\000t\000s\000\040\000d\000e\000\040\000v\000a\000l\000i\000d\000a\000c\000i\000\363\000n\000\040\000t\000e\000\363\000r\000i\000c\000a}{section.3}% 15
\BOOKMARK [3][-]{subsubsection.3.3.1}{\376\377\000Q\000u\000\351\000\040\000c\000u\000b\000r\000i\000\363\000\040\000c\000a\000d\000a\000\040\000s\000c\000r\000i\000p\000t\000,\000\040\000e\000n\000\040\000d\000e\000t\000a\000l\000l\000e}{subsection.3.3}% 16
\BOOKMARK [2][-]{subsection.3.4}{\376\377\000L\000a\000\040\000b\000a\000s\000e\000\040\000b\000i\000b\000l\000i\000o\000g\000r\000\341\000f\000i\000c\000a\000:\000\040\000d\000e\000\040\0002\0002\000\040\000a\000\040\0006\0005\000\040\000p\000a\000p\000e\000r\000s}{section.3}% 17
\BOOKMARK [2][-]{subsection.3.5}{\376\377\000B\000a\000l\000a\000n\000c\000e\000\040\000d\000e\000\040\000l\000a\000\040\000e\000t\000a\000p\000a}{section.3}% 18
\BOOKMARK [1][-]{section.4}{\376\377\000E\000t\000a\000p\000a\000\040\0002\000\040\040\024\000\040\000I\000n\000v\000e\000s\000t\000i\000g\000a\000c\000i\000\363\000n\000\040\000a\000s\000i\000s\000t\000i\000d\000a}{}% 19
\BOOKMARK [2][-]{subsection.4.1}{\376\377\000Q\000u\000\351\000\040\000s\000e\000\040\000l\000e\000\040\000p\000i\000d\000i\000\363\000\040\000a\000l\000\040\000a\000g\000e\000n\000t\000e}{section.4}% 20
\BOOKMARK [2][-]{subsection.4.2}{\376\377\000Q\000u\000\351\000\040\000p\000r\000o\000d\000u\000j\000o}{section.4}% 21
\BOOKMARK [2][-]{subsection.4.3}{\376\377\000C\000o\000n\000s\000o\000l\000i\000d\000a\000c\000i\000\363\000n\000\040\000y\000\040\000c\000i\000e\000r\000r\000e}{section.4}% 22
\BOOKMARK [1][-]{section.5}{\376\377\000E\000t\000a\000p\000a\000\040\0003\000\040\040\024\000\040\000E\000l\000e\000c\000t\000r\000\363\000n\000i\000c\000a\000\040\000a\000n\000a\000l\000\363\000g\000i\000c\000a\000\040\000y\000\040\000m\000o\000d\000e\000l\000o\000\040\000d\000e\000l\000\040\000t\000r\000a\000n\000s\000d\000u\000c\000t\000o\000r}{}% 23
\BOOKMARK [2][-]{subsection.5.1}{\376\377\000E\000l\000\040\000p\000r\000o\000b\000l\000e\000m\000a\000\040\000d\000e\000\040\000p\000a\000r\000t\000i\000d\000a}{section.5}% 24
\BOOKMARK [2][-]{subsection.5.2}{\376\377\000P\000r\000i\000m\000e\000r\000\040\000i\000n\000t\000e\000n\000t\000o\000:\000\040\000f\000i\000l\000t\000r\000o\000\040\000R\000C\000\040\000p\000a\000s\000i\000v\000o\000\040\000d\000e\000\040\000e\000n\000t\000r\000a\000d\000a\000\040\000\050\0001\0007\000\040\000d\000e\000\040\000a\000b\000r\000i\000l\000\051}{section.5}% 25
\BOOKMARK [2][-]{subsection.5.3}{\376\377\000L\000o\000\040\000q\000u\000e\000\040\000r\000e\000e\000m\000p\000l\000a\000z\000\363\000\040\000a\000l\000\040\000R\000C\000:\000\040\000F\000I\000R\000\040\000c\000o\000n\000\040\000d\000e\000c\000i\000m\000a\000c\000i\000\363\000n\000\040\000e\000n\000\040\000c\000a\000s\000c\000a\000d\000a}{section.5}% 26
\BOOKMARK [2][-]{subsection.5.4}{\376\377\000S\000e\000g\000u\000n\000d\000o\000\040\000i\000n\000t\000e\000n\000t\000o\000:\000\040\000c\000o\000m\000p\000e\000n\000s\000a\000c\000i\000\363\000n\000\040\000a\000c\000t\000i\000v\000a}{section.5}% 27
\BOOKMARK [2][-]{subsection.5.5}{\376\377\000E\000l\000\040\000p\000i\000v\000o\000t\000e\000\040\000d\000e\000\040\000t\000o\000p\000o\000l\000o\000g\000\355\000a\000:\000\040\000S\000a\000l\000l\000e\000n\000-\000K\000e\000y\000\040\000a\000\040\000M\000F\000B\000\040\000\050\0003\0000\000\040\000d\000e\000\040\000a\000b\000r\000i\000l\000\051}{section.5}% 28
\BOOKMARK [2][-]{subsection.5.6}{\376\377\000M\000e\000d\000i\000c\000i\000\363\000n\000:\000\040\000M\000F\000B\000\040\000c\000o\000n\000t\000r\000a\000\040\000S\000a\000l\000l\000e\000n\000-\000K\000e\000y\000\040\000e\000n\000\040\000b\000a\000n\000c\000o}{section.5}% 29
\BOOKMARK [2][-]{subsection.5.7}{\376\377\000P\000r\000i\000m\000e\000r\000a\000s\000\040\000s\000e\000\361\000a\000l\000e\000s\000\040\000r\000e\000a\000l\000e\000s\000\040\000y\000\040\000p\000r\000i\000m\000e\000r\000a\000\040\000s\000a\000l\000i\000d\000a\000\040\000a\000\040\000e\000x\000t\000e\000r\000i\000o\000r\000e\000s}{section.5}% 30
\BOOKMARK [2][-]{subsection.5.8}{\376\377\000L\000a\000\040\000c\000a\000d\000e\000n\000a\000\040\000d\000e\000\040\000f\000i\000r\000m\000w\000a\000r\000e\000\040\000t\000o\000m\000a\000\040\000f\000o\000r\000m\000a}{section.5}% 31
\BOOKMARK [2][-]{subsection.5.9}{\376\377\000C\000a\000l\000i\000b\000r\000a\000c\000i\000\363\000n\000\040\000m\000a\000n\000u\000a\000l\000\040\000d\000e\000l\000\040\000o\000f\000f\000s\000e\000t\000\040\000\050\0001\0000\000\040\000d\000e\000\040\000m\000a\000y\000o\000\051}{section.5}% 32
\BOOKMARK [2][-]{subsection.5.10}{\376\377\000C\000i\000e\000r\000r\000e\000\040\000d\000e\000l\000\040\000c\000o\000m\000p\000e\000n\000s\000a\000d\000o\000r\000:\000\040\000d\000e\000l\000\040\000i\000d\000e\000a\000l\000\040\000a\000l\000\040\000c\000i\000r\000c\000u\000i\000t\000o\000\040\000r\000e\000a\000l\000\040\000\050\0001\0007\040\023\0002\0000\000\040\000d\000e\000\040\000m\000a\000y\000o\000\051}{section.5}% 33
\BOOKMARK [2][-]{subsection.5.11}{\376\377\000B\000a\000l\000a\000n\000c\000e\000\040\000d\000e\000\040\000l\000a\000\040\000e\000t\000a\000p\000a}{section.5}% 34
\BOOKMARK [1][-]{section.6}{\376\377\000E\000t\000a\000p\000a\000\040\0004\000\040\040\024\000\040\000L\000a\000\040\000r\000e\000d\000\040\000i\000n\000a\000l\000\341\000m\000b\000r\000i\000c\000a\000\040\000E\000S\000P\000-\000N\000O\000W}{}% 35
\BOOKMARK [2][-]{subsection.6.1}{\376\377\000E\000l\000\040\000p\000r\000o\000b\000l\000e\000m\000a\000\040\000q\000u\000e\000\040\000r\000e\000s\000u\000e\000l\000v\000e}{section.6}% 36
\BOOKMARK [2][-]{subsection.6.2}{\376\377\000A\000r\000q\000u\000i\000t\000e\000c\000t\000u\000r\000a\000\040\000a\000d\000o\000p\000t\000a\000d\000a}{section.6}% 37
\BOOKMARK [2][-]{subsection.6.3}{\376\377\000L\000a\000\040\000s\000e\000c\000u\000e\000n\000c\000i\000a\000\040\000d\000e\000\040\000s\000i\000n\000c\000r\000o\000n\000i\000z\000a\000c\000i\000\363\000n\000:\000\040\000c\000\363\000m\000o\000\040\000s\000e\000\040\000l\000l\000e\000g\000\363\000\040\000a\000\040\000P\000R\000E\000S\000T\000A\000R\000T}{section.6}% 38
\BOOKMARK [2][-]{subsection.6.4}{\376\377\000C\000\363\000m\000o\000\040\000s\000e\000\040\000m\000i\000d\000i\000\363\000\040\000l\000a\000\040\000s\000i\000n\000c\000r\000o\000n\000i\000z\000a\000c\000i\000\363\000n}{section.6}% 39
\BOOKMARK [2][-]{subsection.6.5}{\376\377\000H\000i\000t\000o\000s\000\040\000d\000e\000\040\000f\000u\000n\000c\000i\000o\000n\000a\000m\000i\000e\000n\000t\000o}{section.6}% 40
\BOOKMARK [2][-]{subsection.6.6}{\376\377\000E\000n\000\040\000p\000a\000r\000a\000l\000e\000l\000o\000:\000\040\000a\000c\000o\000n\000d\000i\000c\000i\000o\000n\000a\000m\000i\000e\000n\000t\000o\000\040\000d\000e\000l\000\040\000m\000a\000r\000t\000i\000l\000l\000o\000\040\000\050\0002\0008\040\023\0002\0009\000\040\000d\000e\000\040\000m\000a\000y\000o\000\051}{section.6}% 41
\BOOKMARK [2][-]{subsection.6.7}{\376\377\000R\000e\000f\000a\000c\000t\000o\000r\000\040\000d\000e\000\040\000c\000i\000e\000r\000r\000e\000\040\000\050\0003\0001\000\040\000d\000e\000\040\000m\000a\000y\000o\000,\000\040\000P\000R\000\040\000\043\0002\000\051}{section.6}% 42
\BOOKMARK [2][-]{subsection.6.8}{\376\377\000B\000a\000l\000a\000n\000c\000e\000\040\000d\000e\000\040\000l\000a\000\040\000e\000t\000a\000p\000a}{section.6}% 43
\BOOKMARK [1][-]{section.7}{\376\377\000E\000t\000a\000p\000a\000\040\0005\000\040\040\024\000\040\000C\000o\000n\000s\000o\000l\000i\000d\000a\000c\000i\000\363\000n\000\040\000d\000e\000l\000\040\000n\000o\000d\000o\000\040\000e\000\040\000i\000n\000t\000e\000r\000f\000a\000z\000\040\000d\000e\000\040\000c\000a\000m\000p\000o}{}% 44
\BOOKMARK [2][-]{subsection.7.1}{\376\377\000U\000n\000\040\000s\000o\000l\000o\000\040\000f\000i\000r\000m\000w\000a\000r\000e\000\040\000p\000a\000r\000a\000\040\000d\000o\000s\000\040\000n\000o\000d\000o\000s\000\040\000d\000i\000s\000t\000i\000n\000t\000o\000s}{section.7}% 45
\BOOKMARK [2][-]{subsection.7.2}{\376\377\000L\000a\000\040\000P\000C\000\040\000d\000e\000j\000a\000\040\000d\000e\000\040\000s\000e\000r\000\040\000n\000e\000c\000e\000s\000a\000r\000i\000a\000\040\000\050\0008\000\040\000d\000e\000\040\000j\000u\000n\000i\000o\000\051}{section.7}% 46
\BOOKMARK [2][-]{subsection.7.3}{\376\377\000E\000l\000\040\000n\000o\000t\000c\000h\000\040\000d\000e\000\040\0005\0000\000\040\000H\000z\000\040\000s\000e\000\040\000r\000e\000t\000i\000r\000a\000\040\000\050\0007\000\040\000y\000\040\0009\000\040\000d\000e\000\040\000j\000u\000n\000i\000o\000\051}{section.7}% 47
\BOOKMARK [2][-]{subsection.7.4}{\376\377\000E\000l\000\040\000h\000a\000n\000d\000o\000f\000f\000\040\000d\000e\000\040\000j\000i\000t\000t\000e\000r\000\040\000\050\0001\0000\000\040\000d\000e\000\040\000j\000u\000n\000i\000o\000\051}{section.7}% 48
\BOOKMARK [2][-]{subsection.7.5}{\376\377\000B\000a\000l\000a\000n\000c\000e\000\040\000d\000e\000\040\000l\000a\000\040\000e\000t\000a\000p\000a}{section.7}% 49
\BOOKMARK [1][-]{section.8}{\376\377\000E\000t\000a\000p\000a\000\040\0006\000\040\040\024\000\040\000A\000u\000t\000o\000-\000c\000a\000l\000i\000b\000r\000a\000c\000i\000\363\000n\000,\000\040\000D\000M\000A\000\040\000y\000\040\000s\000u\000p\000e\000r\000M\000a\000q\000u\000i\000n\000a}{}% 50
\BOOKMARK [2][-]{subsection.8.1}{\376\377\000P\000o\000r\000\040\000q\000u\000\351\000\040\000h\000a\000c\000e\000\040\000f\000a\000l\000t\000a\000\040\000c\000a\000l\000i\000b\000r\000a\000r}{section.8}% 51
\BOOKMARK [2][-]{subsection.8.2}{\376\377\000L\000o\000s\000\040\000t\000r\000e\000s\000\040\000a\000l\000g\000o\000r\000i\000t\000m\000o\000s\000\040\000q\000u\000e\000\040\000s\000e\000\040\000p\000r\000o\000b\000a\000r\000o\000n}{section.8}% 52
\BOOKMARK [2][-]{subsection.8.3}{\376\377\000L\000o\000s\000\040\000d\000e\000t\000a\000l\000l\000e\000s\000\040\000f\000i\000n\000o\000s\000\040\000d\000e\000l\000\040\000c\000o\000n\000t\000r\000o\000l\000a\000d\000o\000r}{section.8}% 53
\BOOKMARK [2][-]{subsection.8.4}{\376\377\000D\000o\000s\000\040\000b\000u\000g\000s\000\040\000q\000u\000e\000\040\000v\000a\000l\000e\000n\000\040\000s\000u\000\040\000p\000r\000o\000p\000i\000a\000\040\000e\000n\000t\000r\000a\000d\000a}{section.8}% 54
\BOOKMARK [2][-]{subsection.8.5}{\376\377\000P\000e\000r\000s\000i\000s\000t\000e\000n\000c\000i\000a\000:\000\040\000l\000a\000\040\000c\000a\000l\000i\000b\000r\000a\000c\000i\000\363\000n\000\040\000s\000o\000b\000r\000e\000v\000i\000v\000e\000\040\000a\000l\000\040\000r\000e\000s\000e\000t}{section.8}% 55
\BOOKMARK [2][-]{subsection.8.6}{\376\377\000L\000a\000\040\000a\000d\000q\000u\000i\000s\000i\000c\000i\000\363\000n\000\040\000s\000a\000l\000e\000\040\000d\000e\000\040\000l\000a\000\040\000C\000P\000U}{section.8}% 56
\BOOKMARK [2][-]{subsection.8.7}{\376\377\000s\000u\000p\000e\000r\000M\000a\000q\000u\000i\000n\000a\000:\000\040\000l\000a\000\040\000c\000a\000p\000t\000u\000r\000a\000\040\000s\000e\000\040\000v\000u\000e\000l\000v\000e\000\040\000h\000a\000r\000d\000w\000a\000r\000e\000\040\000\050\0002\000\040\000d\000e\000\040\000j\000u\000l\000i\000o\000\051}{section.8}% 57
\BOOKMARK [2][-]{subsection.8.8}{\376\377\000R\000e\000s\000u\000l\000t\000a\000d\000o\000\040\000m\000e\000d\000i\000d\000o\000\040\000d\000e\000\040\000l\000a\000\040\000a\000u\000t\000o\000-\000c\000a\000l\000i\000b\000r\000a\000c\000i\000\363\000n}{section.8}% 58
\BOOKMARK [2][-]{subsection.8.9}{\376\377\000B\000a\000l\000a\000n\000c\000e\000\040\000d\000e\000\040\000l\000a\000\040\000e\000t\000a\000p\000a}{section.8}% 59
\BOOKMARK [1][-]{section.9}{\376\377\000E\000t\000a\000p\000a\000\040\0007\000\040\040\024\000\040\000E\000l\000\040\000p\000i\000p\000e\000l\000i\000n\000e\000\040\000M\000A\000S\000W\000\040\000e\000n\000\040\000P\000y\000t\000h\000o\000n\000\040\000y\000\040\000l\000a\000s\000\040\000c\000a\000m\000p\000a\000\361\000a\000s\000\040\000d\000e\000\040\000c\000a\000m\000p\000o}{}% 60
\BOOKMARK [2][-]{subsection.9.1}{\376\377\000L\000a\000\040\000g\000e\000o\000m\000e\000t\000r\000\355\000a\000\040\000r\000e\000a\000l\000\040\000d\000e\000\040\000l\000a\000s\000\040\000c\000a\000m\000p\000a\000\361\000a\000s}{section.9}% 61
\BOOKMARK [2][-]{subsection.9.2}{\376\377\000E\000l\000\040\000d\000a\000t\000o\000\040\000c\000r\000u\000d\000o\000,\000\040\000t\000a\000l\000\040\000c\000u\000a\000l\000\040\000s\000a\000l\000i\000\363\000\040\000d\000e\000l\000\040\000a\000r\000r\000e\000g\000l\000o}{section.9}% 62
\BOOKMARK [2][-]{subsection.9.3}{\376\377\000L\000o\000\040\000q\000u\000e\000\040\000s\000e\000\040\000i\000m\000p\000l\000e\000m\000e\000n\000t\000\363\000\040\000e\000n\000\040\000P\000y\000t\000h\000o\000n}{section.9}% 63
\BOOKMARK [3][-]{subsubsection.9.3.1}{\376\377\000L\000a\000s\000\040\000d\000o\000c\000e\000\040\000f\000a\000s\000e\000s\000\040\000d\000e\000\040\000p\000u\000l\000i\000d\000o\000\040\000d\000e\000l\000\040\000r\000e\000v\000i\000s\000o\000r\000\040\000d\000e\000\040\000c\000a\000m\000p\000o}{subsection.9.3}% 64
\BOOKMARK [3][-]{subsubsection.9.3.2}{\376\377\000G\000r\000u\000p\000o\000s\000\040\000d\000e\000\040\000d\000i\000s\000p\000e\000r\000s\000i\000\363\000n\000\040\000y\000\040\000m\000u\000l\000t\000i\000m\000o\000d\000a\000l\000i\000d\000a\000d\000\040\000\050\0009\000\040\000d\000e\000\040\000j\000u\000l\000i\000o\000\051}{subsection.9.3}% 65
\BOOKMARK [2][-]{subsection.9.4}{\376\377\000E\000n\000\040\000p\000a\000r\000a\000l\000e\000l\000o\000,\000\040\000e\000n\000\040\000e\000l\000\040\000f\000i\000r\000m\000w\000a\000r\000e}{section.9}% 66
\BOOKMARK [2][-]{subsection.9.5}{\376\377\000R\000e\000s\000u\000l\000t\000a\000d\000o\000:\000\040\000e\000l\000\040\000p\000e\000r\000f\000i\000l\000\040\000V\000S\000\050\000z\000\051}{section.9}% 67
\BOOKMARK [2][-]{subsection.9.6}{\376\377\000C\000o\000n\000t\000r\000a\000s\000t\000e\000\040\000c\000o\000n\000\040\000e\000l\000\040\000s\000o\000n\000d\000e\000o\000\040\000e\000l\000\351\000c\000t\000r\000i\000c\000o\000\040\000d\000e\000\040\0002\0000\0002\0003\000:\000\040\000e\000l\000\040\000\372\000n\000i\000c\000o\000\040\000d\000a\000t\000o\000\040\000e\000x\000t\000e\000r\000n\000o\000\040\000d\000i\000s\000p\000o\000n\000i\000b\000l\000e}{section.9}% 68
\BOOKMARK [2][-]{subsection.9.7}{\376\377\000B\000a\000l\000a\000n\000c\000e\000\040\000d\000e\000\040\000l\000a\000\040\000e\000t\000a\000p\000a}{section.9}% 69
\BOOKMARK [1][-]{section.10}{\376\377\000E\000t\000a\000p\000a\000\040\0008\000\040\040\024\000\040\000A\000u\000d\000i\000t\000o\000r\000\355\000a\000\040\000p\000r\000e\000-\000c\000a\000m\000p\000o}{}% 70
\BOOKMARK [2][-]{subsection.10.1}{\376\377\000P\000o\000r\000\040\000q\000u\000\351\000\040\000h\000a\000c\000\355\000a\000\040\000f\000a\000l\000t\000a}{section.10}% 71
\BOOKMARK [2][-]{subsection.10.2}{\376\377\000L\000a\000\040\000j\000e\000r\000a\000r\000q\000u\000\355\000a\000\040\000d\000e\000\040\000m\000e\000m\000o\000r\000i\000a\000,\000\040\000v\000a\000l\000i\000d\000a\000d\000a}{section.10}% 72
\BOOKMARK [2][-]{subsection.10.3}{\376\377\000L\000a\000\040\000m\000a\000t\000r\000i\000z\000\040\000d\000e\000\040\000a\000c\000e\000p\000t\000a\000c\000i\000\363\000n\000\040\000E\0001\040\023\000E\0001\0008}{section.10}% 73
\BOOKMARK [2][-]{subsection.10.4}{\376\377\000L\000o\000s\000\040\000t\000r\000e\000s\000\040\000d\000e\000f\000e\000c\000t\000o\000s\000\040\000c\000r\000\355\000t\000i\000c\000o\000s}{section.10}% 74
\BOOKMARK [3][-]{subsubsection.10.4.1}{\376\377\000F\0001\000\040\040\024\000\040\000e\000l\000\040\000w\000a\000t\000c\000h\000d\000o\000g\000\040\000d\000e\000s\000t\000r\000u\000\355\000a\000\040\000l\000a\000s\000\040\000c\000a\000p\000t\000u\000r\000a\000s\000\040\000l\000a\000r\000g\000a\000s}{subsection.10.4}% 75
\BOOKMARK [3][-]{subsubsection.10.4.2}{\376\377\000F\0009\000\040\040\024\000\040\000S\000T\000A\000R\000T\000\040\000r\000o\000m\000p\000\355\000a\000\040\000e\000l\000\040\000n\000o\000d\000o}{subsection.10.4}% 76
\BOOKMARK [3][-]{subsubsection.10.4.3}{\376\377\000F\0005\000\040\040\024\000\040\000v\000o\000l\000c\000a\000d\000o\000\040\000c\000o\000l\000g\000a\000d\000o\000\040\000p\000o\000r\000\040\000s\000o\000c\000k\000e\000t\000\040\000z\000o\000m\000b\000i}{subsection.10.4}% 77
\BOOKMARK [2][-]{subsection.10.5}{\376\377\000D\000e\000f\000e\000c\000t\000o\000s\000\040\000m\000e\000n\000o\000r\000e\000s\000\040\000d\000o\000c\000u\000m\000e\000n\000t\000a\000d\000o\000s\000\040\000y\000\040\000n\000o\000\040\000c\000o\000r\000r\000e\000g\000i\000d\000o\000s}{section.10}% 78
\BOOKMARK [2][-]{subsection.10.6}{\376\377\000B\000a\000l\000a\000n\000c\000e\000\040\000d\000e\000\040\000l\000a\000\040\000e\000t\000a\000p\000a}{section.10}% 79
\BOOKMARK [1][-]{section.11}{\376\377\000E\000t\000a\000p\000a\000\040\0009\000\040\040\024\000\040\000A\000r\000t\000\355\000c\000u\000l\000o\000\040\000U\000R\000U\000C\000O\000N\000\040\000y\000\040\000c\000a\000r\000a\000c\000t\000e\000r\000i\000z\000a\000c\000i\000\363\000n\000\040\000m\000e\000d\000i\000d\000a\000\040\000d\000e\000\040\000l\000a\000\040\000c\000a\000d\000e\000n\000a}{}% 80
\BOOKMARK [2][-]{subsection.11.1}{\376\377\000E\000l\000\040\000a\000r\000t\000\355\000c\000u\000l\000o\000:\000\040\000A\000u\000t\000o\000m\000a\000t\000i\000c\000\040\000D\000C\000-\000O\000f\000f\000s\000e\000t\000\040\000C\000a\000l\000i\000b\000r\000a\000t\000i\000o\000n\000\040\000f\000o\000r\000\040\000a\000\040\000L\000o\000w\000-\000C\000o\000s\000t\000\040\000G\000e\000o\000p\000h\000o\000n\000e\000\040\000F\000r\000o\000n\000t\000\040\000E\000n\000d}{section.11}% 81
\BOOKMARK [2][-]{subsection.11.2}{\376\377\000E\000l\000\040\000p\000r\000o\000t\000o\000c\000o\000l\000o\000\040\000d\000e\000\040\000b\000a\000r\000r\000i\000d\000o\000s\000:\000\040\000c\000\363\000m\000o\000\040\000s\000e\000\040\000m\000i\000d\000i\000\363\000\040\000l\000a\000\040\000c\000a\000d\000e\000n\000a}{section.11}% 82
\BOOKMARK [2][-]{subsection.11.3}{\376\377\000T\000r\000a\000t\000a\000m\000i\000e\000n\000t\000o\000\040\000d\000e\000\040\000d\000a\000t\000o\000s\000:\000\040\000l\000o\000\040\000q\000u\000e\000\040\000s\000e\000\040\000h\000i\000z\000o\000\040\000b\000i\000e\000n}{section.11}% 83
\BOOKMARK [2][-]{subsection.11.4}{\376\377\000U\000n\000\040\000c\000o\000n\000j\000u\000n\000t\000o\000\040\000d\000e\000\040\000d\000a\000t\000o\000s\000\040\000c\000o\000m\000p\000l\000e\000t\000o\000,\000\040\000d\000e\000s\000c\000a\000r\000t\000a\000d\000o}{section.11}% 84
\BOOKMARK [2][-]{subsection.11.5}{\376\377\000L\000a\000\040\000t\000a\000n\000d\000a\000\040\000c\000a\000l\000i\000b\000r\000a\000d\000a\000\040\000d\000e\000l\000\040\0002\0001\000\040\000d\000e\000\040\000j\000u\000l\000i\000o}{section.11}% 85
\BOOKMARK [3][-]{subsubsection.11.5.1}{\376\377\000E\000l\000\040\000h\000a\000l\000l\000a\000z\000g\000o\000\040\000p\000r\000i\000n\000c\000i\000p\000a\000l\000:\000\040\000l\000a\000\040\000m\000u\000e\000s\000c\000a\000\040\000n\000o\000\040\000l\000l\000e\000g\000a\000\040\000a\000\040\000p\000r\000o\000f\000u\000n\000d\000i\000d\000a\000d}{subsection.11.5}% 86
\BOOKMARK [2][-]{subsection.11.6}{\376\377\000L\000e\000c\000t\000u\000r\000a\000\040\000r\000e\000s\000u\000e\000l\000t\000a\000\040\000d\000e\000\040\000l\000o\000s\000\040\000t\000r\000e\000s\000\040\000v\000a\000l\000o\000r\000e\000s\000\040\000d\000e\000\040\000z\000e\000t\000a}{section.11}% 87
\BOOKMARK [2][-]{subsection.11.7}{\376\377\000B\000a\000l\000a\000n\000c\000e\000\040\000d\000e\000\040\000l\000a\000\040\000e\000t\000a\000p\000a}{section.11}% 88
\BOOKMARK [1][-]{section.12}{\376\377\000E\000t\000a\000p\000a\000\040\0001\0000\000\040\040\024\000\040\000R\000u\000p\000t\000u\000r\000a\000\040\000a\000r\000q\000u\000i\000t\000e\000c\000t\000\363\000n\000i\000c\000a\000\040\000y\000\040\000p\000o\000r\000t\000a\000c\000i\000\363\000n\000\040\000a\000\040\000l\000a\000\040\000w\000e\000b}{}% 89
\BOOKMARK [2][-]{subsection.12.1}{\376\377\000D\000e\000l\000\040\000m\000o\000n\000o\000l\000i\000t\000o\000\040\000a\000l\000\040\000s\000u\000p\000e\000r\000p\000r\000o\000y\000e\000c\000t\000o\000\040\000\050\0002\0001\000\040\000d\000e\000\040\000j\000u\000l\000i\000o\000\051}{section.12}% 90
\BOOKMARK [2][-]{subsection.12.2}{\376\377\000R\000e\000o\000r\000g\000a\000n\000i\000z\000a\000c\000i\000\363\000n\000\040\000p\000o\000r\000\040\000p\000r\000o\000p\000\363\000s\000i\000t\000o\000\040\000\050\0002\0004\000\040\000d\000e\000\040\000j\000u\000l\000i\000o\000\051}{section.12}% 91
\BOOKMARK [2][-]{subsection.12.3}{\376\377\000E\000l\000\040\000p\000i\000v\000o\000t\000e\000\040\000d\000e\000\040\000i\000n\000t\000e\000r\000f\000a\000z\000:\000\040\000d\000e\000\040\000P\000y\000Q\000t\000\040\000a\000\040\000w\000e\000b}{section.12}% 92
\BOOKMARK [3][-]{subsubsection.12.3.1}{\376\377\000L\000o\000\040\000q\000u\000e\000\040\000t\000r\000a\000j\000o\000\040\000l\000a\000\040\000p\000o\000r\000t\000a\000c\000i\000\363\000n\000\040\000\050\0002\0009\000\040\000d\000e\000\040\000j\000u\000l\000i\000o\000\051}{subsection.12.3}% 93
\BOOKMARK [2][-]{subsection.12.4}{\376\377\000O\000t\000r\000a\000s\000\040\000l\000\355\000n\000e\000a\000s\000\040\000d\000e\000l\000\040\000p\000e\000r\000\355\000o\000d\000o}{section.12}% 94
\BOOKMARK [2][-]{subsection.12.5}{\376\377\000B\000a\000l\000a\000n\000c\000e\000\040\000d\000e\000\040\000l\000a\000\040\000e\000t\000a\000p\000a}{section.12}% 95
\BOOKMARK [1][-]{section.13}{\376\377\000E\000t\000a\000p\000a\000\040\0001\0001\000\040\040\024\000\040\000L\000a\000\040\000p\000l\000a\000c\000a\000\040\000n\000u\000e\000v\000a\000\040\000\050\000r\000a\000m\000a\000\040\000c\000a\000m\000b\000i\000o\000s\000-\000h\000a\000r\000d\000w\000a\000r\000e\000\051}{}% 96
\BOOKMARK [2][-]{subsection.13.1}{\376\377\000C\000a\000m\000b\000i\000o\000s\000\040\000e\000n\000\040\000e\000l\000\040\000P\000S\000o\000C}{section.13}% 97
\BOOKMARK [3][-]{subsubsection.13.1.1}{\376\377\000T\000r\000a\000m\000p\000a\000s\000\040\000d\000e\000l\000\040\000T\000o\000p\000D\000e\000s\000i\000g\000n\000\040\000n\000u\000e\000v\000o\000,\000\040\000r\000e\000g\000i\000s\000t\000r\000a\000d\000a\000s}{subsection.13.1}% 98
\BOOKMARK [2][-]{subsection.13.2}{\376\377\000C\000a\000m\000b\000i\000o\000s\000\040\000e\000n\000\040\000e\000l\000\040\000E\000S\000P\0003\0002}{section.13}% 99
\BOOKMARK [2][-]{subsection.13.3}{\376\377\000P\000C\000B\000s}{section.13}% 100
\BOOKMARK [2][-]{subsection.13.4}{\376\377\000B\000a\000l\000a\000n\000c\000e\000\040\000d\000e\000\040\000l\000a\000\040\000e\000t\000a\000p\000a}{section.13}% 101
\BOOKMARK [1][-]{section.14}{\376\377\000A\000n\000a\000t\000o\000m\000\355\000a\000\040\000d\000e\000l\000\040\000f\000i\000r\000m\000w\000a\000r\000e\000:\000\040\000q\000u\000\351\000\040\000h\000a\000c\000e\000\040\000c\000a\000d\000a\000\040\000m\000\363\000d\000u\000l\000o}{}% 102
\BOOKMARK [2][-]{subsection.14.1}{\376\377\000P\000S\000o\000C\000\040\0005\000L\000P\000\040\040\024\000\040\000p\000r\000o\000y\000e\000c\000t\000o\000\040\000A\000c\000o\000n\000d\000i\000c\000i\000o\000n\000a\000m\000i\000e\000n\000t\000o\000A\000n\000a\000l\000o\000g\000i\000c\000o\000.\000c\000y\000d\000s\000n}{section.14}% 103
\BOOKMARK [3][-]{subsubsection.14.1.1}{\376\377\000E\000l\000\040\000p\000r\000o\000t\000o\000c\000o\000l\000o\000\040\000U\000A\000R\000T\000,\000\040\000t\000a\000l\000\040\000c\000o\000m\000o\000\040\000e\000s\000t\000\341\000\040\000d\000o\000c\000u\000m\000e\000n\000t\000a\000d\000o\000\040\000e\000n\000\040\000e\000l\000\040\000c\000\363\000d\000i\000g\000o}{subsection.14.1}% 104
\BOOKMARK [3][-]{subsubsection.14.1.2}{\376\377\000C\000o\000m\000p\000o\000n\000e\000n\000t\000e\000s\000\040\000d\000e\000l\000\040\000T\000o\000p\000D\000e\000s\000i\000g\000n\000\040\000p\000o\000r\000\040\000c\000l\000a\000s\000e\000\040\000d\000e\000\040\000n\000o\000d\000o}{subsection.14.1}% 105
\BOOKMARK [2][-]{subsection.14.2}{\376\377\000E\000S\000P\0003\0002\000\040\040\024\000\040\000m\000a\000e\000s\000t\000r\000o}{section.14}% 106
\BOOKMARK [2][-]{subsection.14.3}{\376\377\000E\000S\000P\0003\0002\000\040\040\024\000\040\000e\000s\000c\000l\000a\000v\000o}{section.14}% 107
\BOOKMARK [2][-]{subsection.14.4}{\376\377\000M\000a\000s\000t\000e\000r\000F\000o\000o\000:\000\040\000e\000l\000\040\000s\000k\000e\000t\000c\000h\000\040\000d\000e\000s\000c\000a\000r\000t\000a\000b\000l\000e}{section.14}% 108
\BOOKMARK [2][-]{subsection.14.5}{\376\377\000U\000t\000i\000l\000i\000d\000a\000d\000e\000s\000\040\000d\000e\000\040\000s\000o\000p\000o\000r\000t\000e\000\040\000d\000e\000l\000\040\000r\000e\000p\000o\000s\000i\000t\000o\000r\000i\000o\000\040\000d\000e\000\040\000f\000i\000r\000m\000w\000a\000r\000e}{section.14}% 109
\BOOKMARK [1][-]{section.15}{\376\377\000U\000s\000a\000r\000\040\000e\000l\000\040\000S\000E\000V\000\040\000p\000a\000r\000a\000\040\000g\000u\000i\000a\000r\000\040\000l\000a\000\040\000i\000n\000v\000e\000r\000s\000i\000\363\000n\000:\000\040\000q\000u\000\351\000\040\000s\000e\000\040\000p\000u\000e\000d\000e\000\040\000y\000\040\000q\000u\000\351\000\040\000n\000o}{}% 110
\BOOKMARK [2][-]{subsection.15.1}{\376\377\000R\000e\000s\000p\000u\000e\000s\000t\000a\000\040\000c\000o\000r\000t\000a\000:\000\040\000l\000a\000\040\000g\000e\000o\000m\000e\000t\000r\000\355\000a\000\040\000s\000\355\000,\000\040\000l\000o\000s\000\040\000v\000a\000l\000o\000r\000e\000s\000\040\000n\000o}{section.15}% 111
\BOOKMARK [2][-]{subsection.15.2}{\376\377\000L\000o\000\040\000q\000u\000e\000\040\000e\000l\000\040\000S\000E\000V\000\040\000s\000\355\000\040\000a\000p\000o\000r\000t\000a\000:\000\040\000l\000a\000\040\000p\000a\000r\000a\000m\000e\000t\000r\000i\000z\000a\000c\000i\000\363\000n}{section.15}% 112
\BOOKMARK [2][-]{subsection.15.3}{\376\377\000V\000e\000r\000i\000f\000i\000c\000a\000c\000i\000\363\000n\000\040\000d\000e\000l\000\040\000t\000r\000a\000b\000a\000j\000o\000\040\000p\000r\000e\000v\000i\000o\000\040\000\050\000M\000o\000l\000d\000e\000o\000\040\000H\000i\000d\000r\000o\000\051}{section.15}% 113
\BOOKMARK [2][-]{subsection.15.4}{\376\377\000E\000l\000\040\000l\000\355\000m\000i\000t\000e\000\040\000d\000u\000r\000o\000:\000\040\000e\000l\000\040\000S\000E\000V\000\040\000s\000\363\000l\000o\000\040\000p\000u\000e\000d\000e\000\040\000g\000u\000i\000a\000r\000\040\000l\000o\000s\000\040\000p\000r\000i\000m\000e\000r\000o\000s\000\040\000m\000e\000t\000r\000o\000s}{section.15}% 114
\BOOKMARK [2][-]{subsection.15.5}{\376\377\000Q\000u\000\351\000\040\000d\000i\000c\000e\000\040\000l\000a\000\040\000c\000u\000r\000v\000a\000\040\000m\000e\000d\000i\000d\000a\000,\000\040\000l\000e\000\355\000d\000a\000\040\000d\000e\000\040\000l\000a\000\040\000f\000o\000r\000m\000a\000\040\000m\000\341\000s\000\040\000s\000i\000m\000p\000l\000e\000\040\000p\000o\000s\000i\000b\000l\000e}{section.15}% 115
\BOOKMARK [2][-]{subsection.15.6}{\376\377\000U\000n\000\040\000i\000n\000t\000e\000n\000t\000o\000\040\000d\000e\000\040\000i\000n\000v\000e\000r\000s\000i\000\363\000n\000,\000\040\000y\000\040\000l\000a\000\040\000l\000e\000c\000c\000i\000\363\000n\000\040\000m\000e\000t\000o\000d\000o\000l\000\363\000g\000i\000c\000a\000\040\000q\000u\000e\000\040\000d\000e\000j\000\363}{section.15}% 116
\BOOKMARK [3][-]{subsubsection.15.6.1}{\376\377\000E\000l\000\040\000r\000e\000s\000u\000l\000t\000a\000d\000o\000,\000\040\000y\000a\000\040\000c\000o\000n\000\040\000l\000a\000\040\000r\000e\000s\000t\000r\000i\000c\000c\000i\000\363\000n\000\040\000p\000u\000e\000s\000t\000a}{subsection.15.6}% 117
\BOOKMARK [2][-]{subsection.15.7}{\376\377\000R\000e\000c\000o\000m\000e\000n\000d\000a\000c\000i\000\363\000n\000\040\000o\000p\000e\000r\000a\000t\000i\000v\000a}{section.15}% 118
\BOOKMARK [1][-]{section.16}{\376\377\000L\000a\000s\000\040\000d\000o\000s\000\040\000i\000n\000v\000e\000r\000s\000i\000o\000n\000e\000s\000\040\000d\000e\000l\000\040\000m\000i\000s\000m\000o\000\040\000s\000i\000t\000i\000o\000:\000\040\000l\000a\000\040\000n\000o\000\040\000u\000n\000i\000c\000i\000d\000a\000d\000,\000\040\000c\000o\000n\000\040\000d\000a\000t\000o\000s\000\040\000p\000r\000o\000p\000i\000o\000s}{}% 119
\BOOKMARK [2][-]{subsection.16.1}{\376\377\000R\000e\000s\000u\000l\000t\000a\000d\000o\000\040\0001\000:\000\040\000e\000l\000\040\000a\000n\000\341\000l\000i\000s\000i\000s\000\040\000s\000e\000\040\000v\000o\000l\000v\000i\000\363\000\040\000m\000\341\000s\000\040\000d\000i\000s\000c\000i\000p\000l\000i\000n\000a\000d\000o}{section.16}% 120
\BOOKMARK [2][-]{subsection.16.2}{\376\377\000R\000e\000s\000u\000l\000t\000a\000d\000o\000\040\0002\000:\000\040\000e\000l\000\040\000m\000i\000s\000m\000o\000\040\000s\000i\000t\000i\000o\000\040\000d\000a\000\040\000d\000o\000s\000\040\000V\000S\000,\0003\0000\000\040\000q\000u\000e\000\040\000d\000i\000f\000i\000e\000r\000e\000n\000\040\000e\000n\000\040\000u\000n\000\040\000f\000a\000c\000t\000o\000r\000\040\0001\000,\0009}{section.16}% 121
\BOOKMARK [2][-]{subsection.16.3}{\376\377\000R\000e\000s\000u\000l\000t\000a\000d\000o\000\040\0003\000:\000\040\000i\000n\000c\000l\000u\000s\000o\000\040\000l\000a\000\040\000i\000n\000v\000e\000r\000s\000i\000\363\000n\000\040\000d\000i\000s\000c\000i\000p\000l\000i\000n\000a\000d\000a\000\040\000u\000s\000a\000\040\000p\000u\000n\000t\000o\000s\000\040\000s\000i\000n\000\040\000s\000e\000\361\000a\000l}{section.16}% 122
\BOOKMARK [3][-]{subsubsection.16.3.1}{\376\377\000C\000u\000\341\000n\000t\000o\000\040\000e\000n\000s\000u\000c\000i\000a\000n\000,\000\040\000m\000e\000d\000i\000d\000o}{subsection.16.3}% 123
\BOOKMARK [2][-]{subsection.16.4}{\376\377\000Q\000u\000\351\000\040\000c\000o\000n\000v\000i\000e\000n\000e\000\040\000r\000e\000p\000o\000r\000t\000a\000r}{section.16}% 124
\BOOKMARK [1][-]{section.17}{\376\377\000D\000e\000c\000a\000i\000m\000i\000e\000n\000t\000o\000\040\000c\000o\000n\000\040\000l\000a\000\040\000d\000i\000s\000t\000a\000n\000c\000i\000a\000:\000\040\000q\000u\000\351\000\040\000o\000n\000d\000a\000\040\000s\000e\000\040\000e\000s\000t\000\341\000\040\000r\000e\000g\000i\000s\000t\000r\000a\000n\000d\000o\000,\000\040\000y\000\040\000c\000u\000\341\000n\000t\000o\000\040\000a\000t\000e\000n\000\372\000a\000\040\000e\000l\000\040\000s\000u\000e\000l\000o}{}% 125
\BOOKMARK [2][-]{subsection.17.1}{\376\377\000E\000l\000\040\000p\000l\000a\000n\000t\000e\000o}{section.17}% 126
\BOOKMARK [2][-]{subsection.17.2}{\376\377\000R\000e\000s\000u\000l\000t\000a\000d\000o\000\040\0001\000:\000\040\000l\000a\000s\000\040\000b\000a\000n\000d\000a\000s\000\040\000s\000i\000n\000\040\000s\000e\000\361\000a\000l\000\040\000s\000o\000n\000\040\000p\000l\000a\000n\000a\000s}{section.17}% 127
\BOOKMARK [2][-]{subsection.17.3}{\376\377\000R\000e\000s\000u\000l\000t\000a\000d\000o\000\040\0002\000:\000\040\000e\000l\000\040\000d\000e\000c\000a\000i\000m\000i\000e\000n\000t\000o\000\040\000r\000e\000a\000l\000\040\000e\000s\000\040\000m\000u\000c\000h\000o\000\040\000m\000\341\000s\000\040\000f\000u\000e\000r\000t\000e\000\040\000q\000u\000e\000\040\000e\000l\000\040\000g\000e\000o\000m\000\351\000t\000r\000i\000c\000o}{section.17}% 128
\BOOKMARK [2][-]{subsection.17.4}{\376\377\000Y\000\040\000e\000x\000p\000l\000i\000c\000a\000\040\000l\000a\000\040\000c\000a\000\355\000d\000a\000\040\000d\000e\000\040\000a\000l\000c\000a\000n\000c\000e\000\040\000d\000e\000l\000\040\000a\000r\000r\000e\000g\000l\000o}{section.17}% 129
\BOOKMARK [1][-]{section.18}{\376\377\000E\000v\000i\000d\000e\000n\000c\000i\000a\000\040\000d\000e\000\040\000l\000a\000\040\000a\000u\000d\000i\000t\000o\000r\000\355\000a\000\040\000p\000r\000e\000-\000c\000a\000m\000p\000o\000:\000\040\000l\000o\000s\000\040\000a\000r\000t\000e\000f\000a\000c\000t\000o\000s\000\040\000q\000u\000e\000\040\000q\000u\000e\000d\000a\000r\000o\000n}{}% 130
\BOOKMARK [2][-]{subsection.18.1}{\376\377\000E\000l\000\040\000f\000a\000l\000l\000o\000\040\000F\0001\000\040\000y\000\040\000s\000u\000\040\000c\000o\000r\000r\000e\000c\000c\000i\000\363\000n\000,\000\040\000e\000n\000\040\000n\000\372\000m\000e\000r\000o\000s}{section.18}% 131
\BOOKMARK [2][-]{subsection.18.2}{\376\377\000O\000t\000r\000o\000s\000\040\000a\000r\000t\000e\000f\000a\000c\000t\000o\000s\000\040\000c\000o\000n\000s\000e\000r\000v\000a\000d\000o\000s}{section.18}% 132
\BOOKMARK [2][-]{subsection.18.3}{\376\377\000L\000o\000s\000\040\000b\000a\000r\000r\000i\000d\000o\000s\000\040\000c\000r\000u\000d\000o\000s\000\040\000d\000e\000\040\000o\000s\000c\000i\000l\000o\000s\000c\000o\000p\000i\000o}{section.18}% 133
\BOOKMARK [2][-]{subsection.18.4}{\376\377\000L\000a\000\040\000m\000\341\000q\000u\000i\000n\000a\000\040\000d\000e\000\040\000e\000s\000t\000a\000d\000o\000s\000\040\000d\000e\000\040\000l\000a\000\040\000c\000a\000l\000i\000b\000r\000a\000c\000i\000\363\000n}{section.18}% 134
\BOOKMARK [1][-]{section.19}{\376\377\000L\000a\000\040\000b\000a\000n\000d\000a\000\040\000\372\000t\000i\000l\000\040\000r\000e\000a\000l\000\040\000d\000e\000\040\000l\000o\000s\000\040\000d\000a\000t\000o\000s\000\040\000d\000e\000\040\000c\000a\000m\000p\000o}{}% 135
\BOOKMARK [2][-]{subsection.19.1}{\376\377\000M\000\351\000t\000o\000d\000o}{section.19}% 136
\BOOKMARK [2][-]{subsection.19.2}{\376\377\000E\000l\000\040\000r\000e\000s\000u\000l\000t\000a\000d\000o}{section.19}% 137
\BOOKMARK [2][-]{subsection.19.3}{\376\377\000C\000o\000n\000t\000r\000o\000l\000e\000s\000\040\000d\000e\000\040\000r\000o\000b\000u\000s\000t\000e\000z}{section.19}% 138
\BOOKMARK [2][-]{subsection.19.4}{\376\377\000Q\000u\000\351\000\040\000s\000i\000g\000n\000i\000f\000i\000c\000a\000\040\000y\000\040\000q\000u\000\351\000\040\000n\000o\000\040\000s\000i\000g\000n\000i\000f\000i\000c\000a}{section.19}% 139
\BOOKMARK [2][-]{subsection.19.5}{\376\377\000C\000o\000n\000s\000e\000c\000u\000e\000n\000c\000i\000a\000\040\000p\000a\000r\000a\000\040\000e\000l\000\040\000o\000r\000d\000e\000n\000\040\000d\000e\000\040\000p\000r\000i\000o\000r\000i\000d\000a\000d\000e\000s}{section.19}% 140
\BOOKMARK [1][-]{section.20}{\376\377\000L\000a\000s\000\040\000i\000n\000t\000e\000r\000f\000a\000c\000e\000s\000,\000\040\000e\000n\000\040\000f\000u\000n\000c\000i\000o\000n\000a\000m\000i\000e\000n\000t\000o}{}% 141
\BOOKMARK [2][-]{subsection.20.1}{\376\377\000P\000e\000s\000t\000a\000\361\000a\000\040\000C\000a\000p\000t\000u\000r\000a\000s\000:\000\040\000e\000l\000\040\000v\000i\000s\000o\000r\000\040\000d\000e\000\040\000v\000a\000l\000i\000d\000a\000c\000i\000\363\000n}{section.20}% 142
\BOOKMARK [2][-]{subsection.20.2}{\376\377\000P\000e\000s\000t\000a\000\361\000a\000\040\000W\000a\000t\000e\000r\000f\000a\000l\000l\000:\000\040\000e\000l\000\040\000g\000a\000t\000h\000e\000r\000\040\000r\000e\000c\000o\000n\000s\000t\000r\000u\000i\000d\000o}{section.20}% 143
\BOOKMARK [2][-]{subsection.20.3}{\376\377\000P\000e\000s\000t\000a\000\361\000a\000\040\000M\000A\000S\000W\000:\000\040\000d\000i\000s\000p\000e\000r\000s\000i\000\363\000n\000\040\000y\000\040\000p\000i\000c\000k\000i\000n\000g}{section.20}% 144
\BOOKMARK [2][-]{subsection.20.4}{\376\377\000P\000e\000s\000t\000a\000\361\000a\000\040\000F\000i\000l\000t\000r\000o\000s\000:\000\040\000d\000o\000n\000d\000e\000\040\000e\000s\000t\000\341\000\040\000d\000o\000c\000u\000m\000e\000n\000t\000a\000d\000a\000\040\000l\000a\000\040\000m\000e\000z\000c\000l\000a\000\040\000d\000e\000\040\000F\000s}{section.20}% 145
\BOOKMARK [2][-]{subsection.20.5}{\376\377\000L\000a\000\040\000S\000P\000A\000\040\000d\000e\000l\000\040\000E\000S\000P\0003\0002\000,\000\040\000r\000e\000c\000o\000n\000s\000t\000r\000u\000i\000d\000a\000\040\000d\000e\000s\000d\000e\000\040\000s\000u\000\040\000c\000\363\000d\000i\000g\000o\000\040\000f\000u\000e\000n\000t\000e}{section.20}% 146
\BOOKMARK [3][-]{subsubsection.20.5.1}{\376\377\000C\000o\000n\000t\000r\000o\000l\000e\000s\000\040\000g\000l\000o\000b\000a\000l\000e\000s\000\040\000y\000\040\000p\000a\000n\000e\000l\000\040\000d\000e\000\040\000g\000r\000\341\000f\000i\000c\000a\000s}{subsection.20.5}% 147
\BOOKMARK [3][-]{subsubsection.20.5.2}{\376\377\000P\000e\000s\000t\000a\000\361\000a\000\040\000C\000a\000p\000t\000u\000r\000a}{subsection.20.5}% 148
\BOOKMARK [3][-]{subsubsection.20.5.3}{\376\377\000P\000e\000s\000t\000a\000\361\000a\000\040\000E\000s\000c\000l\000a\000v\000o\000s\000:\000\040\000e\000l\000\040\000p\000a\000n\000e\000l\000\040\000p\000o\000r\000\040\000n\000o\000d\000o}{subsection.20.5}% 149
\BOOKMARK [3][-]{subsubsection.20.5.4}{\376\377\000P\000e\000s\000t\000a\000\361\000a\000\040\000E\000n\000l\000a\000c\000e}{subsection.20.5}% 150
\BOOKMARK [2][-]{subsection.20.6}{\376\377\000L\000o\000\040\000q\000u\000e\000\040\000n\000o\000\040\000s\000e\000\040\000p\000u\000d\000o\000\040\000c\000a\000p\000t\000u\000r\000a\000r}{section.20}% 151
\BOOKMARK [1][-]{section.21}{\376\377\000L\000a\000\040\000f\000u\000e\000n\000t\000e\000\040\000s\000\355\000s\000m\000i\000c\000a\000:\000\040\000e\000l\000\040\000m\000a\000r\000t\000i\000l\000l\000o\000,\000\040\000s\000u\000s\000\040\000p\000u\000n\000t\000a\000s\000\040\000y\000\040\000e\000l\000\040\000m\000a\000r\000t\000i\000n\000e\000t\000e\000\040\000d\000e\000\040\000l\000e\000v\000a}{}% 152
\BOOKMARK [2][-]{subsection.21.1}{\376\377\000E\000l\000\040\000i\000n\000s\000t\000r\000u\000m\000e\000n\000t\000o\000:\000\040\000P\000C\000B\000\040\000P\000i\000e\000z\000o\000t\000r\000o\000n\000i\000c\000s\000\040\0000\0008\0006\000D\0002\0000}{section.21}% 153
\BOOKMARK [2][-]{subsection.21.2}{\376\377\000L\000a\000s\000\040\000p\000u\000n\000t\000a\000s\000:\000\040\000e\000l\000\040\000c\000o\000n\000t\000r\000o\000l\000\040\000d\000e\000\040\000a\000n\000c\000h\000o\000\040\000d\000e\000\040\000b\000a\000n\000d\000a\000\040\000d\000e\000\040\000l\000a\000\040\000f\000u\000e\000n\000t\000e}{section.21}% 154
\BOOKMARK [2][-]{subsection.21.3}{\376\377\000E\000l\000\040\000m\000a\000r\000t\000i\000n\000e\000t\000e\000\040\000d\000e\000\040\000l\000e\000v\000a\000:\000\040\000h\000a\000c\000i\000a\000\040\000u\000n\000a\000\040\000f\000u\000e\000n\000t\000e\000\040\000r\000e\000p\000e\000t\000i\000b\000l\000e}{section.21}% 155
\BOOKMARK [2][-]{subsection.21.4}{\376\377\000R\000e\000p\000e\000t\000i\000b\000i\000l\000i\000d\000a\000d\000\040\000m\000e\000d\000i\000d\000a\000\040\000d\000e\000\040\000l\000a\000\040\000f\000u\000e\000n\000t\000e\000\040\000\050\000a\000n\000\341\000l\000i\000s\000i\000s\000\040\000d\000e\000l\000\040\0001\0002\000/\0000\0008\000/\0002\0000\0002\0006\000\051}{section.21}% 156
\BOOKMARK [1][-]{section.22}{\376\377\000A\000t\000l\000a\000s\000\040\000v\000i\000s\000u\000a\000l\000:\000\040\000t\000o\000d\000o\000\040\000l\000o\000\040\000q\000u\000e\000\040\000s\000e\000\040\000m\000i\000d\000i\000\363\000\040\000y\000\040\000s\000e\000\040\000g\000r\000a\000f\000i\000c\000\363}{}% 157
\BOOKMARK [2][-]{subsection.22.1}{\376\377\000L\000a\000\040\000c\000a\000m\000p\000a\000\361\000a\000\040\000d\000e\000\040\000b\000a\000r\000r\000i\000d\000o\000s\000\040\000d\000e\000\040\000l\000a\000\040\000c\000a\000d\000e\000n\000a\000\040\000a\000n\000a\000l\000\363\000g\000i\000c\000a}{section.22}% 158
\BOOKMARK [2][-]{subsection.22.2}{\376\377\000R\000e\000s\000u\000l\000t\000a\000d\000o\000s\000\040\000n\000u\000m\000\351\000r\000i\000c\000o\000s\000\040\000d\000e\000\040\000l\000a\000\040\000i\000d\000e\000n\000t\000i\000f\000i\000c\000a\000c\000i\000\363\000n}{section.22}% 159
\BOOKMARK [3][-]{subsubsection.22.2.1}{\376\377\000H\000i\000g\000i\000e\000n\000e\000\040\000d\000e\000\040\000d\000a\000t\000o\000s\000\040\000a\000p\000l\000i\000c\000a\000d\000a}{subsection.22.2}% 160
\BOOKMARK [2][-]{subsection.22.3}{\376\377\000O\000t\000r\000o\000s\000\040\000c\000o\000n\000j\000u\000n\000t\000o\000s\000\040\000d\000e\000\040\000f\000i\000g\000u\000r\000a\000s\000\040\000d\000e\000l\000\040\000p\000r\000o\000y\000e\000c\000t\000o}{section.22}% 161
\BOOKMARK [1][-]{section.23}{\376\377\000I\000n\000v\000e\000n\000t\000a\000r\000i\000o\000\040\000d\000e\000\040\000l\000o\000\040\000c\000o\000n\000s\000t\000r\000u\000i\000d\000o}{}% 162
\BOOKMARK [2][-]{subsection.23.1}{\376\377\000F\000i\000r\000m\000w\000a\000r\000e}{section.23}% 163
\BOOKMARK [2][-]{subsection.23.2}{\376\377\000I\000n\000t\000e\000r\000f\000a\000c\000e\000s\000\040\000y\000\040\000p\000o\000s\000t\000-\000p\000r\000o\000c\000e\000s\000o}{section.23}% 164
\BOOKMARK [2][-]{subsection.23.3}{\376\377\000D\000a\000t\000o\000s}{section.23}% 165
\BOOKMARK [2][-]{subsection.23.4}{\376\377\000D\000o\000c\000u\000m\000e\000n\000t\000a\000c\000i\000\363\000n\000\040\000e\000\040\000i\000n\000v\000e\000s\000t\000i\000g\000a\000c\000i\000\363\000n}{section.23}% 166
\BOOKMARK [2][-]{subsection.23.5}{\376\377\000I\000n\000s\000t\000r\000u\000m\000e\000n\000t\000a\000c\000i\000\363\000n\000\040\000d\000e\000\040\000l\000a\000b\000o\000r\000a\000t\000o\000r\000i\000o}{section.23}% 167
\BOOKMARK [1][-]{section.24}{\376\377\000T\000a\000b\000l\000a\000\040\000m\000a\000e\000s\000t\000r\000a\000\040\000d\000e\000\040\000d\000e\000c\000i\000s\000i\000o\000n\000e\000s}{}% 168
\BOOKMARK [2][-]{subsection.24.1}{\376\377\000C\000a\000d\000e\000n\000a\000\040\000a\000n\000a\000l\000\363\000g\000i\000c\000a}{section.24}% 169
\BOOKMARK [2][-]{subsection.24.2}{\376\377\000P\000r\000o\000c\000e\000s\000a\000m\000i\000e\000n\000t\000o\000\040\000d\000e\000\040\000s\000e\000\361\000a\000l}{section.24}% 170
\BOOKMARK [2][-]{subsection.24.3}{\376\377\000F\000i\000r\000m\000w\000a\000r\000e\000\040\000y\000\040\000a\000r\000q\000u\000i\000t\000e\000c\000t\000u\000r\000a\000\040\000e\000m\000b\000e\000b\000i\000d\000a}{section.24}% 171
\BOOKMARK [2][-]{subsection.24.4}{\376\377\000C\000o\000m\000u\000n\000i\000c\000a\000c\000i\000\363\000n\000\040\000y\000\040\000s\000i\000n\000c\000r\000o\000n\000i\000z\000a\000c\000i\000\363\000n}{section.24}% 172
\BOOKMARK [2][-]{subsection.24.5}{\376\377\000R\000o\000b\000u\000s\000t\000e\000z\000\040\000\050\000a\000u\000d\000i\000t\000o\000r\000\355\000a\000\040\000p\000r\000e\000-\000c\000a\000m\000p\000o\000\051}{section.24}% 173
\BOOKMARK [2][-]{subsection.24.6}{\376\377\000H\000e\000r\000r\000a\000m\000i\000e\000n\000t\000a\000s\000\040\000e\000\040\000i\000n\000f\000r\000a\000e\000s\000t\000r\000u\000c\000t\000u\000r\000a}{section.24}% 174
\BOOKMARK [2][-]{subsection.24.7}{\376\377\000L\000o\000s\000\040\000p\000r\000i\000n\000c\000i\000p\000i\000o\000s\000\040\000q\000u\000e\000\040\000s\000o\000b\000r\000e\000v\000i\000v\000i\000e\000r\000o\000n\000\040\000a\000\040\000t\000o\000d\000o}{section.24}% 175
\BOOKMARK [1][-]{section.25}{\376\377\000Q\000u\000\351\000\040\000q\000u\000e\000d\000a\000\040\000a\000b\000i\000e\000r\000t\000o}{}% 176
\BOOKMARK [2][-]{subsection.25.1}{\376\377\000L\000o\000\040\000q\000u\000e\000\040\000h\000a\000y\000\040\000q\000u\000e\000\040\000r\000e\000s\000o\000l\000v\000e\000r\000\040\000a\000n\000t\000e\000s\000\040\000d\000e\000\040\000e\000s\000c\000r\000i\000b\000i\000r\000\040\000l\000a\000\040\000e\000n\000t\000r\000e\000g\000a}{section.25}% 177
\BOOKMARK [2][-]{subsection.25.2}{\376\377\000M\000e\000d\000i\000c\000i\000o\000n\000e\000s\000\040\000q\000u\000e\000\040\000f\000a\000l\000t\000a\000n}{section.25}% 178
\BOOKMARK [2][-]{subsection.25.3}{\376\377\000P\000r\000e\000g\000u\000n\000t\000a\000s\000\040\000s\000i\000n\000\040\000r\000e\000s\000p\000u\000e\000s\000t\000a\000\040\000r\000e\000g\000i\000s\000t\000r\000a\000d\000a}{section.25}% 179
\BOOKMARK [2][-]{subsection.25.4}{\376\377\000D\000e\000u\000d\000a\000\040\000t\000\351\000c\000n\000i\000c\000a\000\040\000c\000o\000n\000o\000c\000i\000d\000a}{section.25}% 180
\BOOKMARK [2][-]{subsection.25.5}{\376\377\000N\000o\000t\000a\000\040\000d\000e\000\040\000c\000i\000e\000r\000r\000e}{section.25}% 181
\BOOKMARK [1][-]{section.26}{\376\377\000I\000n\000v\000e\000n\000t\000a\000r\000i\000o\000\040\000d\000e\000\040\000d\000a\000t\000o\000s\000\040\000c\000r\000u\000d\000o\000s\000\040\000y\000\040\000c\000a\000m\000p\000a\000\361\000a\000s}{}% 182
\BOOKMARK [2][-]{subsection.26.1}{\376\377\000C\000a\000n\000c\000h\000i\000g\000a}{section.26}% 183
\BOOKMARK [2][-]{subsection.26.2}{\376\377\000C\000a\000n\000c\000h\000i\000t\000a}{section.26}% 184
\BOOKMARK [2][-]{subsection.26.3}{\376\377\000C\000a\000n\000c\000h\000i\000t\000a\000\137\0002}{section.26}% 185
\BOOKMARK [2][-]{subsection.26.4}{\376\377\000E\000s\000t\000a\000c\000i\000o\000n\000a\000m\000i\000e\000n\000t\000o}{section.26}% 186
\BOOKMARK [1][-]{section.27}{\376\377\000I\000n\000v\000e\000n\000t\000a\000r\000i\000o\000\040\000d\000e\000\040\000c\000\363\000d\000i\000g\000o\000:\000\040\000t\000o\000d\000o\000s\000\040\000l\000o\000s\000\040\000s\000c\000r\000i\000p\000t\000s\000\040\000d\000e\000l\000\040\000p\000r\000o\000y\000e\000c\000t\000o}{}% 187
\BOOKMARK [2][-]{subsection.27.1}{\376\377\000C\000\341\000l\000c\000u\000l\000o\000\040\000y\000\040\000m\000o\000d\000e\000l\000a\000d\000o\000\040\040\024\000\040\000M\000A\000T\000L\000A\000B}{section.27}% 188
\BOOKMARK [2][-]{subsection.27.2}{\376\377\000C\000\341\000l\000c\000u\000l\000o\000\040\000y\000\040\000m\000o\000d\000e\000l\000a\000d\000o\000\040\040\024\000\040\000P\000y\000t\000h\000o\000n}{section.27}% 189
\BOOKMARK [2][-]{subsection.27.3}{\376\377\000I\000n\000t\000e\000r\000f\000a\000c\000e\000s\000\040\000d\000e\000\040\000b\000a\000n\000c\000o\000\040\040\024\000\040\000M\000A\000T\000L\000A\000B}{section.27}% 190
\BOOKMARK [2][-]{subsection.27.4}{\376\377\000I\000n\000t\000e\000r\000f\000a\000c\000e\000s\000\040\000y\000\040\000s\000e\000r\000v\000i\000d\000o\000r\000\040\040\024\000\040\000P\000y\000t\000h\000o\000n}{section.27}% 191
\BOOKMARK [2][-]{subsection.27.5}{\376\377\000U\000t\000i\000l\000i\000d\000a\000d\000e\000s\000\040\000d\000e\000l\000\040\000f\000i\000r\000m\000w\000a\000r\000e}{section.27}% 192
\BOOKMARK [2][-]{subsection.27.6}{\376\377\000A\000u\000t\000o\000m\000a\000t\000i\000z\000a\000c\000i\000\363\000n\000\040\000d\000e\000l\000\040\000r\000e\000p\000o\000s\000i\000t\000o\000r\000i\000o}{section.27}% 193
\BOOKMARK [2][-]{subsection.27.7}{\376\377\000G\000e\000n\000e\000r\000a\000c\000i\000\363\000n\000\040\000d\000e\000\040\000f\000i\000g\000u\000r\000a\000s\000\040\000y\000\040\000d\000o\000c\000u\000m\000e\000n\000t\000o\000s}{section.27}% 194
\BOOKMARK [1][-]{section.28}{\376\377\000L\000a\000\040\000b\000a\000s\000e\000\040\000b\000i\000b\000l\000i\000o\000g\000r\000\341\000f\000i\000c\000a\000,\000\040\000a\000r\000t\000\355\000c\000u\000l\000o\000\040\000p\000o\000r\000\040\000a\000r\000t\000\355\000c\000u\000l\000o}{}% 195
\BOOKMARK [2][-]{subsection.28.1}{\376\377\000\315\000n\000d\000i\000c\000e}{section.28}% 196
\BOOKMARK [2][-]{subsection.28.2}{\376\377\000F\000i\000c\000h\000a\000s}{section.28}% 197
\BOOKMARK [1][-]{section.29}{\376\377\000D\000i\000g\000e\000s\000t\000o\000\040\000c\000r\000o\000n\000o\000l\000\363\000g\000i\000c\000o\000\040\000d\000e\000\040\000l\000a\000\040\000b\000i\000t\000\341\000c\000o\000r\000a}{}% 198
\BOOKMARK [2][-]{subsection.29.1}{\376\377\000F\000e\000b\000r\000e\000r\000o\000\040\000d\000e\000\040\0002\0000\0002\0006}{section.29}% 199
\BOOKMARK [2][-]{subsection.29.2}{\376\377\000M\000a\000r\000z\000o\000\040\000d\000e\000\040\0002\0000\0002\0006}{section.29}% 200
\BOOKMARK [2][-]{subsection.29.3}{\376\377\000A\000b\000r\000i\000l\000\040\000d\000e\000\040\0002\0000\0002\0006}{section.29}% 201
\BOOKMARK [2][-]{subsection.29.4}{\376\377\000M\000a\000y\000o\000\040\000d\000e\000\040\0002\0000\0002\0006}{section.29}% 202
\BOOKMARK [2][-]{subsection.29.5}{\376\377\000J\000u\000n\000i\000o\000\040\000d\000e\000\040\0002\0000\0002\0006}{section.29}% 203
\BOOKMARK [2][-]{subsection.29.6}{\376\377\000J\000u\000l\000i\000o\000\040\000d\000e\000\040\0002\0000\0002\0006}{section.29}% 204
\BOOKMARK [2][-]{subsection.29.7}{\376\377\000A\000g\000o\000s\000t\000o\000\040\000d\000e\000\040\0002\0000\0002\0006}{section.29}% 205
\BOOKMARK [1][-]{section.30}{\376\377\000R\000e\000g\000i\000s\000t\000r\000o\000\040\000c\000o\000m\000p\000l\000e\000t\000o\000\040\000d\000e\000\040\000c\000o\000m\000m\000i\000t\000s}{}% 206
