\BOOKMARK [1][-]{section.1}{\376\377\000I\000m\000p\000o\000r\000t\000a\000n\000c\000i\000a\000\040\000d\000e\000\040\000l\000a\000\040\000c\000a\000r\000a\000c\000t\000e\000r\000i\000z\000a\000c\000i\000\363\000n\000\040\000g\000e\000o\000t\000\351\000c\000n\000i\000c\000a\000\040\000d\000e\000l\000\040\000s\000u\000e\000l\000o}{}% 1
\BOOKMARK [1][-]{section.2}{\376\377\000M\000\351\000t\000o\000d\000o\000s\000\040\000t\000r\000a\000d\000i\000c\000i\000o\000n\000a\000l\000e\000s\000\040\000d\000e\000\040\000c\000a\000r\000a\000c\000t\000e\000r\000i\000z\000a\000c\000i\000\363\000n\000\040\000d\000e\000l\000\040\000s\000u\000e\000l\000o}{}% 2
\BOOKMARK [1][-]{section.3}{\376\377\000M\000\351\000t\000o\000d\000o\000s\000\040\000b\000a\000s\000a\000d\000o\000s\000\040\000e\000n\000\040\000o\000n\000d\000a\000s\000\040\000m\000e\000c\000\341\000n\000i\000c\000a\000s}{}% 3
\BOOKMARK [1][-]{section.4}{\376\377\000F\000u\000n\000d\000a\000m\000e\000n\000t\000o\000s\000\040\000d\000e\000\040\000p\000r\000o\000p\000a\000g\000a\000c\000i\000\363\000n\000\040\000d\000e\000\040\000o\000n\000d\000a\000s\000\040\000e\000n\000\040\000u\000n\000\040\000m\000e\000d\000i\000o}{}% 4
\BOOKMARK [1][-]{section.5}{\376\377\000O\000n\000d\000a\000s\000\040\000d\000e\000\040\000c\000u\000e\000r\000p\000o\000\040\000y\000\040\000o\000n\000d\000a\000s\000\040\000s\000u\000p\000e\000r\000f\000i\000c\000i\000a\000l\000e\000s}{}% 5
\BOOKMARK [1][-]{section.6}{\376\377\000U\000t\000i\000l\000i\000z\000a\000c\000i\000\363\000n\000\040\000d\000e\000\040\000o\000n\000d\000a\000s\000\040\000s\000u\000p\000e\000r\000f\000i\000c\000i\000a\000l\000e\000s\000\040\000p\000a\000r\000a\000\040\000l\000a\000\040\000c\000a\000r\000a\000c\000t\000e\000r\000i\000z\000a\000c\000i\000\363\000n\000\040\000d\000e\000\040\000s\000u\000e\000l\000o\000s}{}% 6
\BOOKMARK [1][-]{section.7}{\376\377\000R\000e\000v\000i\000s\000i\000\363\000n\000\040\000y\000\040\000s\000e\000l\000e\000c\000c\000i\000\363\000n\000\040\000d\000e\000l\000\040\000m\000\351\000t\000o\000d\000o}{}% 7
\BOOKMARK [1][-]{section.8}{\376\377\000R\000e\000q\000u\000e\000r\000i\000m\000i\000e\000n\000t\000o\000s\000\040\000d\000e\000l\000\040\000s\000i\000s\000t\000e\000m\000a\000\040\000d\000e\000\040\000i\000n\000s\000t\000r\000u\000m\000e\000n\000t\000a\000c\000i\000\363\000n}{}% 8
\BOOKMARK [1][-]{section.9}{\376\377\000D\000i\000s\000e\000\361\000o\000\040\000e\000\040\000i\000m\000p\000l\000e\000m\000e\000n\000t\000a\000c\000i\000\363\000n\000\040\000d\000e\000l\000\040\000s\000i\000s\000t\000e\000m\000a\000\040\000e\000l\000e\000c\000t\000r\000\363\000n\000i\000c\000o}{}% 9
\BOOKMARK [2][-]{subsection.9.1}{\376\377\000A\000r\000q\000u\000i\000t\000e\000c\000t\000u\000r\000a\000\040\000g\000e\000n\000e\000r\000a\000l}{section.9}% 10
\BOOKMARK [2][-]{subsection.9.2}{\376\377\000T\000r\000a\000n\000s\000d\000u\000c\000t\000o\000r\000\040\000y\000\040\000e\000l\000\040\000c\000o\000n\000f\000l\000i\000c\000t\000o\000\040\000d\000e\000\040\000b\000a\000n\000d\000a}{section.9}% 11
\BOOKMARK [2][-]{subsection.9.3}{\376\377\000F\000r\000e\000n\000t\000e\000\040\000a\000n\000a\000l\000\363\000g\000i\000c\000o\000\040\000y\000\040\000c\000a\000l\000i\000b\000r\000a\000c\000i\000\363\000n}{section.9}% 12
\BOOKMARK [2][-]{subsection.9.4}{\376\377\000D\000i\000g\000i\000t\000a\000l\000i\000z\000a\000c\000i\000\363\000n\000\040\000y\000\040\000t\000e\000m\000p\000o\000r\000i\000z\000a\000c\000i\000\363\000n\000\040\000d\000e\000t\000e\000r\000m\000i\000n\000i\000s\000t\000a}{section.9}% 13
\BOOKMARK [2][-]{subsection.9.5}{\376\377\000S\000i\000n\000c\000r\000o\000n\000i\000z\000a\000c\000i\000\363\000n\000,\000\040\000c\000o\000m\000u\000n\000i\000c\000a\000c\000i\000o\000n\000e\000s\000\040\000y\000\040\000t\000r\000a\000z\000a\000b\000i\000l\000i\000d\000a\000d}{section.9}% 14
\BOOKMARK [2][-]{subsection.9.6}{\376\377\000F\000u\000e\000n\000t\000e\000\040\000i\000n\000s\000t\000r\000u\000m\000e\000n\000t\000a\000d\000a}{section.9}% 15
\BOOKMARK [1][-]{section.10}{\376\377\000V\000a\000l\000i\000d\000a\000c\000i\000\363\000n\000\040\000e\000x\000p\000e\000r\000i\000m\000e\000n\000t\000a\000l}{}% 16
\BOOKMARK [2][-]{subsection.10.1}{\376\377\000C\000a\000r\000a\000c\000t\000e\000r\000i\000z\000a\000c\000i\000\363\000n\000\040\000e\000l\000e\000c\000t\000r\000\363\000n\000i\000c\000a\000\040\000d\000e\000l\000\040\000f\000r\000e\000n\000t\000e\000\040\000a\000n\000a\000l\000\363\000g\000i\000c\000o}{section.10}% 17
\BOOKMARK [2][-]{subsection.10.2}{\376\377\000P\000r\000u\000e\000b\000a\000\040\000c\000o\000n\000t\000r\000o\000l\000a\000d\000a\000\040\000d\000e\000\040\000a\000d\000q\000u\000i\000s\000i\000c\000i\000\363\000n}{section.10}% 18
\BOOKMARK [2][-]{subsection.10.3}{\376\377\000C\000a\000m\000p\000a\000\361\000a\000\040\000d\000e\000\040\000c\000a\000m\000p\000o}{section.10}% 19
\BOOKMARK [1][-]{section.11}{\376\377\000R\000e\000s\000u\000l\000t\000a\000d\000o\000s\000\040\000p\000r\000e\000l\000i\000m\000i\000n\000a\000r\000e\000s}{}% 20
\BOOKMARK [2][-]{subsection.11.1}{\376\377\000R\000e\000s\000u\000l\000t\000a\000d\000o\000s\000\040\000d\000e\000\040\000l\000a\000\040\000c\000a\000r\000a\000c\000t\000e\000r\000i\000z\000a\000c\000i\000\363\000n\000\040\000d\000e\000l\000\040\000i\000n\000s\000t\000r\000u\000m\000e\000n\000t\000o}{section.11}% 21
\BOOKMARK [2][-]{subsection.11.2}{\376\377\000R\000e\000s\000u\000l\000t\000a\000d\000o\000s\000\040\000d\000e\000\040\000l\000a\000\040\000a\000d\000q\000u\000i\000s\000i\000c\000i\000\363\000n\000\040\000d\000e\000\040\000c\000a\000m\000p\000o}{section.11}% 22
\BOOKMARK [2][-]{subsection.11.3}{\376\377\000R\000e\000s\000u\000l\000t\000a\000d\000o\000s\000\040\000g\000e\000o\000f\000\355\000s\000i\000c\000o\000s\000\040\000p\000r\000e\000l\000i\000m\000i\000n\000a\000r\000e\000s}{section.11}% 23
\BOOKMARK [2][-]{subsection.11.4}{\376\377\000S\000\355\000n\000t\000e\000s\000i\000s\000:\000\040\000q\000u\000\351\000\040\000e\000s\000t\000\341\000\040\000d\000e\000m\000o\000s\000t\000r\000a\000d\000o\000\040\000y\000\040\000q\000u\000\351\000\040\000n\000o}{section.11}% 24
\BOOKMARK [1][-]{section.12}{\376\377\000L\000i\000m\000i\000t\000a\000c\000i\000o\000n\000e\000s\000\040\000y\000\040\000t\000r\000a\000b\000a\000j\000o\000s\000\040\000f\000u\000t\000u\000r\000o\000s}{}% 25
