\BOOKMARK [1][-]{section.1}{\376\377\000I\000n\000t\000r\000o\000d\000u\000c\000c\000i\000\363\000n}{}% 1
\BOOKMARK [2][-]{subsection.1.1}{\376\377\000C\000o\000n\000t\000e\000x\000t\000o\000\040\000y\000\040\000m\000o\000t\000i\000v\000a\000c\000i\000\363\000n}{section.1}% 2
\BOOKMARK [2][-]{subsection.1.2}{\376\377\000E\000l\000\040\000p\000r\000o\000b\000l\000e\000m\000a\000\040\000i\000n\000s\000t\000r\000u\000m\000e\000n\000t\000a\000l}{section.1}% 3
\BOOKMARK [2][-]{subsection.1.3}{\376\377\000O\000b\000j\000e\000t\000i\000v\000o\000\040\000d\000e\000l\000\040\000p\000r\000o\000y\000e\000c\000t\000o}{section.1}% 4
\BOOKMARK [2][-]{subsection.1.4}{\376\377\000E\000s\000t\000a\000d\000o\000\040\000d\000e\000\040\000a\000v\000a\000n\000c\000e\000\040\000y\000\040\000a\000l\000c\000a\000n\000c\000e\000\040\000d\000e\000\040\000e\000s\000t\000e\000\040\000d\000o\000c\000u\000m\000e\000n\000t\000o}{section.1}% 5
\BOOKMARK [1][-]{section.2}{\376\377\000F\000u\000n\000d\000a\000m\000e\000n\000t\000o\000s\000\040\000t\000e\000\363\000r\000i\000c\000o\000s}{}% 6
\BOOKMARK [2][-]{subsection.2.1}{\376\377\000C\000o\000m\000p\000o\000r\000t\000a\000m\000i\000e\000n\000t\000o\000\040\000d\000e\000l\000\040\000s\000u\000e\000l\000o\000\040\000y\000\040\000e\000l\000a\000s\000t\000i\000c\000i\000d\000a\000d\000\040\000a\000\040\000p\000e\000q\000u\000e\000\361\000a\000s\000\040\000d\000e\000f\000o\000r\000m\000a\000c\000i\000o\000n\000e\000s}{section.2}% 7
\BOOKMARK [2][-]{subsection.2.2}{\376\377\000O\000n\000d\000a\000s\000\040\000d\000e\000\040\000c\000u\000e\000r\000p\000o\000\040\000y\000\040\000o\000n\000d\000a\000s\000\040\000s\000u\000p\000e\000r\000f\000i\000c\000i\000a\000l\000e\000s}{section.2}% 8
\BOOKMARK [2][-]{subsection.2.3}{\376\377\000D\000i\000s\000p\000e\000r\000s\000i\000\363\000n\000\040\000g\000e\000o\000m\000\351\000t\000r\000i\000c\000a\000:\000\040\000e\000l\000\040\000p\000r\000i\000n\000c\000i\000p\000i\000o\000\040\000d\000e\000l\000\040\000m\000\351\000t\000o\000d\000o}{section.2}% 9
\BOOKMARK [2][-]{subsection.2.4}{\376\377\000M\000o\000d\000o\000s\000\040\000d\000e\000\040\000p\000r\000o\000p\000a\000g\000a\000c\000i\000\363\000n}{section.2}% 10
\BOOKMARK [2][-]{subsection.2.5}{\376\377\000E\000l\000\040\000f\000l\000u\000j\000o\000\040\000d\000e\000\040\000t\000r\000a\000b\000a\000j\000o\000:\000\040\000a\000d\000q\000u\000i\000s\000i\000c\000i\000\363\000n\000,\000\040\000p\000r\000o\000c\000e\000s\000a\000m\000i\000e\000n\000t\000o\000\040\000e\000\040\000i\000n\000v\000e\000r\000s\000i\000\363\000n}{section.2}% 11
\BOOKMARK [3][-]{subsubsection.2.5.1}{\376\377\000L\000i\000m\000i\000t\000a\000c\000i\000o\000n\000e\000s\000\040\000d\000e\000\040\000l\000a\000\040\000a\000d\000q\000u\000i\000s\000i\000c\000i\000\363\000n}{subsection.2.5}% 12
\BOOKMARK [3][-]{subsubsection.2.5.2}{\376\377\000E\000l\000\040\000p\000r\000o\000b\000l\000e\000m\000a\000\040\000i\000n\000v\000e\000r\000s\000o}{subsection.2.5}% 13
\BOOKMARK [2][-]{subsection.2.6}{\376\377\000D\000e\000l\000\040\000m\000\351\000t\000o\000d\000o\000\040\000a\000\040\000l\000a\000\040\000i\000n\000s\000t\000r\000u\000m\000e\000n\000t\000a\000c\000i\000\363\000n}{section.2}% 14
\BOOKMARK [1][-]{section.3}{\376\377\000E\000l\000\040\000g\000e\000\363\000f\000o\000n\000o\000\040\000c\000o\000m\000o\000\040\000t\000r\000a\000n\000s\000d\000u\000c\000t\000o\000r\000:\000\040\000m\000o\000d\000e\000l\000o\000\040\000y\000\040\000r\000e\000s\000p\000u\000e\000s\000t\000a}{}% 15
\BOOKMARK [2][-]{subsection.3.1}{\376\377\000M\000o\000d\000e\000l\000o\000\040\000m\000e\000c\000\341\000n\000i\000c\000o}{section.3}% 16
\BOOKMARK [3][-]{subsubsection.3.1.1}{\376\377\000D\000\363\000n\000d\000e\000\040\000e\000s\000t\000\341\000\040\000l\000a\000\040\000g\000a\000n\000a\000n\000c\000i\000a\000:\000\040\000e\000l\000\040\000b\000l\000o\000q\000u\000e\000\040\000m\000e\000c\000\341\000n\000i\000c\000o\000\040\000n\000o\000\040\000l\000a\000\040\000a\000p\000o\000r\000t\000a}{subsection.3.1}% 17
\BOOKMARK [2][-]{subsection.3.2}{\376\377\000F\000o\000r\000m\000a\000s\000\040\000d\000e\000\040\000l\000a\000\040\000f\000u\000n\000c\000i\000\363\000n\000\040\000d\000e\000\040\000t\000r\000a\000n\000s\000f\000e\000r\000e\000n\000c\000i\000a}{section.3}% 18
\BOOKMARK [3][-]{subsubsection.3.2.1}{\376\377\000P\000o\000r\000\040\000q\000u\000\351\000\040\000a\000c\000e\000l\000e\000r\000a\000c\000i\000\363\000n\000\040\000y\000\040\000n\000o\000\040\000v\000e\000l\000o\000c\000i\000d\000a\000d}{subsection.3.2}% 19
\BOOKMARK [2][-]{subsection.3.3}{\376\377\000E\000l\000\040\000p\000r\000o\000b\000l\000e\000m\000a\000\040\000d\000e\000\040\000l\000a\000\040\000r\000e\000s\000p\000u\000e\000s\000t\000a\000\040\000e\000n\000\040\000b\000a\000j\000a\000\040\000f\000r\000e\000c\000u\000e\000n\000c\000i\000a}{section.3}% 20
\BOOKMARK [3][-]{subsubsection.3.3.1}{\376\377\000U\000n\000\040\000l\000\355\000m\000i\000t\000e\000\040\000h\000o\000n\000e\000s\000t\000o\000:\000\040\000p\000o\000r\000\040\000q\000u\000\351\000\040\000P\000a\000r\000k\000\040\000n\000o\000\040\000n\000e\000c\000e\000s\000i\000t\000\363\000\040\000c\000o\000m\000p\000e\000n\000s\000a\000r\000\040\000y\000\040\000e\000s\000t\000e\000\040\000t\000r\000a\000b\000a\000j\000o\000\040\000s\000\355}{subsection.3.3}% 21
\BOOKMARK [3][-]{subsubsection.3.3.2}{\376\377\000J\000u\000s\000t\000i\000f\000i\000c\000a\000c\000i\000\363\000n\000\040\000d\000e\000\040\000l\000a\000\040\000e\000l\000e\000c\000c\000i\000\363\000n\000\040\000d\000e\000l\000\040\000t\000r\000a\000n\000s\000d\000u\000c\000t\000o\000r}{subsection.3.3}% 22
\BOOKMARK [2][-]{subsection.3.4}{\376\377\000P\000a\000r\000\341\000m\000e\000t\000r\000o\000s\000\040\000d\000e\000l\000\040\000S\000M\000-\0002\0004}{section.3}% 23
\BOOKMARK [2][-]{subsection.3.5}{\376\377\000A\000c\000o\000p\000l\000a\000m\000i\000e\000n\000t\000o\000\040\000c\000o\000n\000\040\000e\000l\000\040\000s\000u\000e\000l\000o}{section.3}% 24
\BOOKMARK [2][-]{subsection.3.6}{\376\377\000A\000l\000t\000e\000r\000n\000a\000t\000i\000v\000a\000\040\000e\000v\000a\000l\000u\000a\000d\000a\000:\000\040\000a\000c\000e\000l\000e\000r\000\363\000m\000e\000t\000r\000o\000s\000\040\000M\000E\000M\000S}{section.3}% 25
\BOOKMARK [1][-]{section.4}{\376\377\000E\000s\000t\000a\000d\000o\000\040\000d\000e\000l\000\040\000a\000r\000t\000e}{}% 26
\BOOKMARK [2][-]{subsection.4.1}{\376\377\000M\000\351\000t\000o\000d\000o\000s\000\040\000d\000e\000\040\000c\000a\000r\000a\000c\000t\000e\000r\000i\000z\000a\000c\000i\000\363\000n\000\040\000g\000e\000o\000t\000\351\000c\000n\000i\000c\000a}{section.4}% 27
\BOOKMARK [3][-]{subsubsection.4.1.1}{\376\377\000Q\000u\000\351\000\040\000s\000e\000\040\000l\000l\000e\000v\000a\000\040\000e\000s\000t\000e\000\040\000t\000r\000a\000b\000a\000j\000o\000\040\000d\000e\000\040\000I\000n\000t\000e\000r\000P\000A\000C\000I\000F\000I\000C}{subsection.4.1}% 28
\BOOKMARK [2][-]{subsection.4.2}{\376\377\000E\000v\000o\000l\000u\000c\000i\000\363\000n\000\040\000d\000e\000\040\000l\000o\000s\000\040\000m\000\351\000t\000o\000d\000o\000s\000\040\000d\000e\000\040\000o\000n\000d\000a\000s\000\040\000s\000u\000p\000e\000r\000f\000i\000c\000i\000a\000l\000e\000s}{section.4}% 29
\BOOKMARK [3][-]{subsubsection.4.2.1}{\376\377\000M\000\351\000t\000o\000d\000o\000s\000\040\000a\000c\000t\000i\000v\000o\000s}{subsection.4.2}% 30
\BOOKMARK [3][-]{subsubsection.4.2.2}{\376\377\000M\000\351\000t\000o\000d\000o\000s\000\040\000p\000a\000s\000i\000v\000o\000s\000\040\000\050\000e\000v\000a\000l\000u\000a\000d\000o\000s\000,\000\040\000n\000o\000\040\000a\000d\000o\000p\000t\000a\000d\000o\000s\000\051}{subsection.4.2}% 31
\BOOKMARK [2][-]{subsection.4.3}{\376\377\000D\000i\000s\000e\000\361\000o\000\040\000d\000e\000l\000\040\000a\000r\000r\000e\000g\000l\000o\000:\000\040\000l\000o\000s\000\040\000c\000r\000i\000t\000e\000r\000i\000o\000s\000\040\000c\000u\000a\000n\000t\000i\000t\000a\000t\000i\000v\000o\000s}{section.4}% 32
\BOOKMARK [2][-]{subsection.4.4}{\376\377\000M\000o\000d\000o\000s\000\040\000s\000u\000p\000e\000r\000i\000o\000r\000e\000s\000\040\000e\000\040\000i\000n\000v\000e\000r\000s\000i\000\363\000n}{section.4}% 33
\BOOKMARK [3][-]{subsubsection.4.4.1}{\376\377\000E\000l\000\040\000p\000r\000o\000b\000l\000e\000m\000a\000\040\000d\000e\000\040\000l\000o\000s\000\040\000m\000o\000d\000o\000s}{subsection.4.4}% 34
\BOOKMARK [3][-]{subsubsection.4.4.2}{\376\377\000N\000o\000\040\000u\000n\000i\000c\000i\000d\000a\000d\000\040\000y\000\040\000r\000e\000g\000u\000l\000a\000r\000i\000z\000a\000c\000i\000\363\000n}{subsection.4.4}% 35
\BOOKMARK [2][-]{subsection.4.5}{\376\377\000I\000n\000s\000t\000r\000u\000m\000e\000n\000t\000a\000c\000i\000\363\000n\000:\000\040\000g\000e\000\363\000f\000o\000n\000o\000s\000\040\000y\000\040\000a\000d\000q\000u\000i\000s\000i\000c\000i\000\363\000n}{section.4}% 36
\BOOKMARK [3][-]{subsubsection.4.5.1}{\376\377\000P\000l\000a\000t\000a\000f\000o\000r\000m\000a\000s\000\040\000m\000i\000x\000t\000a\000s\000\040\000p\000r\000o\000g\000r\000a\000m\000a\000b\000l\000e\000s\000\040\000y\000\040\000a\000s\000i\000s\000t\000e\000n\000c\000i\000a\000\040\000d\000i\000g\000i\000t\000a\000l}{subsection.4.5}% 37
\BOOKMARK [2][-]{subsection.4.6}{\376\377\000H\000e\000r\000r\000a\000m\000i\000e\000n\000t\000a\000s\000\040\000d\000e\000\040\000p\000r\000o\000c\000e\000s\000a\000m\000i\000e\000n\000t\000o\000\040\000e\000\040\000i\000n\000v\000e\000r\000s\000i\000\363\000n}{section.4}% 38
\BOOKMARK [2][-]{subsection.4.7}{\376\377\000A\000p\000l\000i\000c\000a\000c\000i\000\363\000n\000\040\000f\000i\000n\000a\000l\000:\000\040\000d\000e\000l\000\040\000p\000e\000r\000f\000i\000l\000\040\000V\000S\000\040\000a\000l\000\040\000p\000a\000r\000\341\000m\000e\000t\000r\000o\000\040\000g\000e\000o\000t\000\351\000c\000n\000i\000c\000o}{section.4}% 39
\BOOKMARK [3][-]{subsubsection.4.7.1}{\376\377\000C\000o\000r\000r\000e\000l\000a\000c\000i\000o\000n\000e\000s\000\040\000V\000S\040\023\000S\000P\000T}{subsection.4.7}% 40
\BOOKMARK [2][-]{subsection.4.8}{\376\377\000A\000n\000t\000e\000c\000e\000d\000e\000n\000t\000e\000s\000\040\000r\000e\000g\000i\000o\000n\000a\000l\000e\000s}{section.4}% 41
\BOOKMARK [2][-]{subsection.4.9}{\376\377\000B\000r\000e\000c\000h\000a\000\040\000i\000d\000e\000n\000t\000i\000f\000i\000c\000a\000d\000a\000\040\000y\000\040\000p\000o\000s\000i\000c\000i\000o\000n\000a\000m\000i\000e\000n\000t\000o\000\040\000d\000e\000l\000\040\000t\000r\000a\000b\000a\000j\000o}{section.4}% 42
\BOOKMARK [1][-]{section.5}{\376\377\000D\000i\000s\000e\000\361\000o\000\040\000d\000e\000l\000\040\000f\000r\000o\000n\000t\000-\000e\000n\000d\000\040\000a\000n\000a\000l\000\363\000g\000i\000c\000o\000:\000\040\000t\000o\000p\000o\000l\000o\000g\000\355\000a\000s\000\040\000e\000s\000t\000u\000d\000i\000a\000d\000a\000s\000\040\000y\000\040\000e\000n\000s\000a\000y\000a\000d\000a\000s}{}% 43
\BOOKMARK [2][-]{subsection.5.1}{\376\377\000P\000l\000a\000n\000t\000e\000o\000\040\000d\000e\000l\000\040\000p\000r\000o\000b\000l\000e\000m\000a\000\040\000d\000e\000\040\000c\000o\000m\000p\000e\000n\000s\000a\000c\000i\000\363\000n}{section.5}% 44
\BOOKMARK [2][-]{subsection.5.2}{\376\377\000L\000a\000\040\000t\000o\000p\000o\000l\000o\000g\000\355\000a\000\040\000d\000e\000\040\000r\000e\000f\000e\000r\000e\000n\000c\000i\000a\000:\000\040\000M\000a\000\040\000e\000t\000\040\000a\000l\000.\000\040\000\050\0002\0000\0002\0003\000\051}{section.5}% 45
\BOOKMARK [3][-]{subsubsection.5.2.1}{\376\377\000P\000r\000i\000n\000c\000i\000p\000i\000o}{subsection.5.2}% 46
\BOOKMARK [3][-]{subsubsection.5.2.2}{\376\377\000P\000a\000r\000\341\000m\000e\000t\000r\000o\000s\000\040\000d\000e\000l\000\040\000t\000r\000a\000b\000a\000j\000o\000\040\000o\000r\000i\000g\000i\000n\000a\000l}{subsection.5.2}% 47
\BOOKMARK [3][-]{subsubsection.5.2.3}{\376\377\000R\000e\000s\000u\000l\000t\000a\000d\000o\000s\000\040\000r\000e\000p\000o\000r\000t\000a\000d\000o\000s}{subsection.5.2}% 48
\BOOKMARK [2][-]{subsection.5.3}{\376\377\000T\000o\000p\000o\000l\000o\000g\000\355\000a\000s\000\040\000d\000e\000l\000\040\000f\000i\000l\000t\000r\000o\000:\000\040\000l\000o\000\040\000q\000u\000e\000\040\000s\000e\000\040\000p\000r\000o\000b\000\363}{section.5}% 49
\BOOKMARK [3][-]{subsubsection.5.3.1}{\376\377\000F\000i\000l\000t\000r\000o\000\040\000p\000a\000s\000i\000v\000o\000\040\000R\000C\000\040\000d\000e\000\040\000e\000n\000t\000r\000a\000d\000a\000\040\040\024\000\040\000i\000m\000p\000l\000e\000m\000e\000n\000t\000a\000d\000o\000\040\000y\000\040\000d\000e\000s\000c\000a\000r\000t\000a\000d\000o}{subsection.5.3}% 50
\BOOKMARK [3][-]{subsubsection.5.3.2}{\376\377\000S\000a\000l\000l\000e\000n\000-\000K\000e\000y\000\040\000/\000\040\000V\000C\000V\000S\000\040\040\024\000\040\000i\000m\000p\000l\000e\000m\000e\000n\000t\000a\000d\000o\000,\000\040\000e\000n\000s\000a\000y\000a\000d\000o\000\040\000y\000\040\000d\000e\000s\000c\000a\000r\000t\000a\000d\000o}{subsection.5.3}% 51
\BOOKMARK [3][-]{subsubsection.5.3.3}{\376\377\000M\000F\000B\000\040\000\050\000M\000u\000l\000t\000i\000p\000l\000e\000\040\000F\000e\000e\000d\000b\000a\000c\000k\000\051\000\040\040\024\000\040\000t\000o\000p\000o\000l\000o\000g\000\355\000a\000\040\000a\000d\000o\000p\000t\000a\000d\000a}{subsection.5.3}% 52
\BOOKMARK [2][-]{subsection.5.4}{\376\377\000C\000o\000m\000p\000e\000n\000s\000a\000c\000i\000\363\000n\000:\000\040\000a\000n\000a\000l\000\363\000g\000i\000c\000a\000\040\000f\000r\000e\000n\000t\000e\000\040\000a\000\040\000d\000i\000g\000i\000t\000a\000l}{section.5}% 53
\BOOKMARK [3][-]{subsubsection.5.4.1}{\376\377\000L\000o\000s\000\040\000t\000r\000e\000s\000\040\000v\000a\000l\000o\000r\000e\000s\000\040\000d\000e\000\040\000a\000m\000o\000r\000t\000i\000g\000u\000a\000m\000i\000e\000n\000t\000o\000\040\000y\000\040\000l\000a\000\040\000c\000o\000r\000r\000e\000c\000c\000i\000\363\000n\000\040\000d\000e\000l\000\040\000p\000r\000o\000t\000o\000t\000i\000p\000o}{subsection.5.4}% 54
\BOOKMARK [3][-]{subsubsection.5.4.2}{\376\377\000E\000l\000\040\000c\000o\000s\000t\000o\000\040\000e\000n\000\040\000g\000a\000n\000a\000n\000c\000i\000a\000\040\000d\000e\000\040\000a\000p\000l\000a\000n\000a\000r\000,\000\040\000y\000\040\000p\000o\000r\000\040\000q\000u\000\351\000\040\000o\000b\000l\000i\000g\000a\000\040\000a\000l\000\040\000D\000A\000-\000A\000F\000E}{subsection.5.4}% 55
\BOOKMARK [2][-]{subsection.5.5}{\376\377\000F\000i\000l\000t\000r\000a\000d\000o\000\040\000d\000e\000\040\000l\000a\000\040\000i\000n\000t\000e\000r\000f\000e\000r\000e\000n\000c\000i\000a\000\040\000d\000e\000\040\000r\000e\000d}{section.5}% 56
\BOOKMARK [3][-]{subsubsection.5.5.1}{\376\377\000S\000o\000l\000u\000c\000i\000\363\000n\000\040\000a\000d\000o\000p\000t\000a\000d\000a\000:\000\040\000b\000\372\000s\000q\000u\000e\000d\000a\000\040\000a\000c\000o\000t\000a\000d\000a\000\040\000y\000\040\000r\000e\000g\000r\000e\000s\000i\000\363\000n\000\040\000a\000r\000m\000\363\000n\000i\000c\000a}{subsection.5.5}% 57
\BOOKMARK [2][-]{subsection.5.6}{\376\377\000S\000\355\000n\000t\000e\000s\000i\000s\000\040\000d\000e\000\040\000l\000a\000\040\000c\000a\000d\000e\000n\000a\000\040\000a\000d\000o\000p\000t\000a\000d\000a}{section.5}% 58
\BOOKMARK [1][-]{section.6}{\376\377\000A\000r\000q\000u\000i\000t\000e\000c\000t\000u\000r\000a\000\040\000d\000e\000l\000\040\000s\000i\000s\000t\000e\000m\000a\000\040\000d\000e\000s\000a\000r\000r\000o\000l\000l\000a\000d\000o}{}% 59
\BOOKMARK [2][-]{subsection.6.1}{\376\377\000V\000i\000s\000i\000\363\000n\000\040\000g\000e\000n\000e\000r\000a\000l}{section.6}% 60
\BOOKMARK [2][-]{subsection.6.2}{\376\377\000N\000o\000d\000o\000\040\000g\000e\000\363\000f\000o\000n\000o\000:\000\040\000c\000a\000d\000e\000n\000a\000\040\000d\000e\000\040\000a\000c\000o\000n\000d\000i\000c\000i\000o\000n\000a\000m\000i\000e\000n\000t\000o\000\040\000a\000n\000a\000l\000\363\000g\000i\000c\000o}{section.6}% 61
\BOOKMARK [2][-]{subsection.6.3}{\376\377\000F\000r\000o\000n\000t\000-\000e\000n\000d\000\040\000a\000n\000a\000l\000\363\000g\000i\000c\000o\000\040\000a\000s\000i\000s\000t\000i\000d\000o\000\040\000d\000i\000g\000i\000t\000a\000l\000m\000e\000n\000t\000e\000\040\000\050\000D\000A\000-\000A\000F\000E\000\051}{section.6}% 62
\BOOKMARK [3][-]{subsubsection.6.3.1}{\376\377\000M\000o\000d\000e\000l\000o}{subsection.6.3}% 63
\BOOKMARK [3][-]{subsubsection.6.3.2}{\376\377\000L\000e\000y\000\040\000d\000e\000\040\000c\000o\000n\000t\000r\000o\000l}{subsection.6.3}% 64
\BOOKMARK [3][-]{subsubsection.6.3.3}{\376\377\000F\000l\000u\000j\000o\000\040\000y\000\040\000p\000e\000r\000s\000i\000s\000t\000e\000n\000c\000i\000a}{subsection.6.3}% 65
\BOOKMARK [2][-]{subsection.6.4}{\376\377\000A\000d\000q\000u\000i\000s\000i\000c\000i\000\363\000n\000\040\000d\000i\000g\000i\000t\000a\000l\000\040\000e\000n\000\040\000e\000l\000\040\000P\000S\000o\000C\000\040\0005\000L\000P}{section.6}% 66
\BOOKMARK [3][-]{subsubsection.6.4.1}{\376\377\000C\000a\000d\000e\000n\000a\000\040\000A\000D\000C\040\023\000D\000M\000A\040\023\000F\000i\000l\000t\000r\000o}{subsection.6.4}% 67
\BOOKMARK [3][-]{subsubsection.6.4.2}{\376\377\000s\000u\000p\000e\000r\000M\000a\000q\000u\000i\000n\000a\000:\000\040\000l\000a\000\040\000m\000\341\000q\000u\000i\000n\000a\000\040\000d\000e\000\040\000e\000s\000t\000a\000d\000o\000s\000\040\000e\000n\000\040\000h\000a\000r\000d\000w\000a\000r\000e}{subsection.6.4}% 68
\BOOKMARK [3][-]{subsubsection.6.4.3}{\376\377\000J\000e\000r\000a\000r\000q\000u\000\355\000a\000\040\000d\000e\000\040\000m\000e\000m\000o\000r\000i\000a\000\040\000y\000\040\000a\000l\000m\000a\000c\000e\000n\000a\000m\000i\000e\000n\000t\000o\000\040\000e\000n\000\040\000S\000D}{subsection.6.4}% 69
\BOOKMARK [2][-]{subsection.6.5}{\376\377\000R\000e\000d\000\040\000i\000n\000a\000l\000\341\000m\000b\000r\000i\000c\000a\000\040\000y\000\040\000s\000i\000n\000c\000r\000o\000n\000i\000z\000a\000c\000i\000\363\000n}{section.6}% 70
\BOOKMARK [3][-]{subsubsection.6.5.1}{\376\377\000T\000o\000p\000o\000l\000o\000g\000\355\000a}{subsection.6.5}% 71
\BOOKMARK [3][-]{subsubsection.6.5.2}{\376\377\000P\000r\000o\000t\000o\000c\000o\000l\000o\000\040\000d\000e\000\040\000d\000i\000s\000p\000a\000r\000o\000\040\000s\000i\000n\000c\000r\000o\000n\000i\000z\000a\000d\000o}{subsection.6.5}% 72
\BOOKMARK [3][-]{subsubsection.6.5.3}{\376\377\000P\000o\000r\000\040\000q\000u\000\351\000\040\000b\000r\000o\000a\000d\000c\000a\000s\000t\000\040\000y\000\040\000n\000o\000\040\000u\000n\000i\000c\000a\000s\000t}{subsection.6.5}% 73
\BOOKMARK [3][-]{subsubsection.6.5.4}{\376\377\000M\000e\000d\000i\000c\000i\000\363\000n\000\040\000d\000e\000l\000\040\000j\000i\000t\000t\000e\000r\000:\000\040\000m\000\351\000t\000o\000d\000o\000,\000\040\000r\000e\000s\000u\000l\000t\000a\000d\000o\000\040\000y\000\040\000l\000\355\000m\000i\000t\000e\000s}{subsection.6.5}% 74
\BOOKMARK [2][-]{subsection.6.6}{\376\377\000N\000o\000d\000o\000\040\000m\000a\000r\000t\000i\000l\000l\000o\000\040\000\050\000f\000u\000e\000n\000t\000e\000\040\000s\000\355\000s\000m\000i\000c\000a\000\051}{section.6}% 75
\BOOKMARK [2][-]{subsection.6.7}{\376\377\000I\000n\000t\000e\000r\000f\000a\000z\000\040\000d\000e\000\040\000o\000p\000e\000r\000a\000d\000o\000r\000\040\000e\000n\000\040\000c\000a\000m\000p\000o}{section.6}% 76
\BOOKMARK [3][-]{subsubsection.6.7.1}{\376\377\000L\000a\000\040\000p\000\341\000g\000i\000n\000a\000\040\000w\000e\000b\000\040\000e\000m\000b\000e\000b\000i\000d\000a\000\040\000e\000n\000\040\000e\000l\000\040\000m\000a\000e\000s\000t\000r\000o}{subsection.6.7}% 77
\BOOKMARK [3][-]{subsubsection.6.7.2}{\376\377\000S\000e\000r\000v\000i\000d\000o\000r\000\040\000F\000a\000s\000t\000A\000P\000I\000\040\000y\000\040\000s\000u\000\040\000a\000p\000l\000i\000c\000a\000c\000i\000\363\000n\000\040\000d\000e\000\040\000a\000n\000\341\000l\000i\000s\000i\000s}{subsection.6.7}% 78
\BOOKMARK [3][-]{subsubsection.6.7.3}{\376\377\000A\000p\000l\000i\000c\000a\000c\000i\000\363\000n\000\040\000d\000e\000\040\000e\000s\000c\000r\000i\000t\000o\000r\000i\000o\000\040\000\050\000P\000y\000Q\000t\000\051}{subsection.6.7}% 79
\BOOKMARK [3][-]{subsubsection.6.7.4}{\376\377\000I\000n\000t\000e\000r\000f\000a\000c\000e\000s\000\040\000M\000A\000T\000L\000A\000B\000\040\000d\000e\000\040\000b\000a\000n\000c\000o}{subsection.6.7}% 80
\BOOKMARK [2][-]{subsection.6.8}{\376\377\000P\000i\000p\000e\000l\000i\000n\000e\000\040\000d\000e\000\040\000p\000r\000o\000c\000e\000s\000a\000m\000i\000e\000n\000t\000o\000\040\000M\000A\000S\000W}{section.6}% 81
\BOOKMARK [2][-]{subsection.6.9}{\376\377\000O\000r\000g\000a\000n\000i\000z\000a\000c\000i\000\363\000n\000\040\000d\000e\000l\000\040\000r\000e\000p\000o\000s\000i\000t\000o\000r\000i\000o}{section.6}% 82
\BOOKMARK [1][-]{section.7}{\376\377\000D\000e\000s\000a\000r\000r\000o\000l\000l\000o\000\040\000d\000e\000l\000\040\000t\000r\000a\000b\000a\000j\000o\000\040\000p\000o\000r\000\040\000p\000e\000r\000\355\000o\000d\000o\000s}{}% 83
\BOOKMARK [2][-]{subsection.7.1}{\376\377\000D\000e\000l\000\040\0002\0005\000\040\000d\000e\000\040\000f\000e\000b\000r\000e\000r\000o\000\040\000a\000l\000\040\0002\0003\000\040\000d\000e\000\040\000m\000a\000r\000z\000o\000\040\040\024\000\040\000C\000o\000n\000s\000t\000r\000u\000c\000c\000i\000\363\000n\000\040\000d\000e\000l\000\040\000m\000a\000r\000c\000o\000\040\000t\000e\000\363\000r\000i\000c\000o}{section.7}% 84
\BOOKMARK [2][-]{subsection.7.2}{\376\377\000D\000e\000l\000\040\0001\0000\000\040\000a\000l\000\040\0001\0005\000\040\000d\000e\000\040\000a\000b\000r\000i\000l\000\040\040\024\000\040\000C\000o\000n\000s\000o\000l\000i\000d\000a\000c\000i\000\363\000n\000\040\000d\000e\000l\000\040\000c\000o\000n\000o\000c\000i\000m\000i\000e\000n\000t\000o}{section.7}% 85
\BOOKMARK [2][-]{subsection.7.3}{\376\377\000D\000e\000l\000\040\0001\0007\000\040\000a\000l\000\040\0003\0000\000\040\000d\000e\000\040\000a\000b\000r\000i\000l\000\040\040\024\000\040\000T\000r\000a\000n\000s\000d\000u\000c\000t\000o\000r\000,\000\040\000p\000r\000i\000m\000e\000r\000a\000s\000\040\000s\000e\000\361\000a\000l\000e\000s\000\040\000y\000\040\000d\000o\000s\000\040\000p\000i\000v\000o\000t\000e\000s\000\040\000d\000e\000\040\000d\000i\000s\000e\000\361\000o}{section.7}% 86
\BOOKMARK [2][-]{subsection.7.4}{\376\377\000D\000e\000l\000\040\0005\000\040\000a\000l\000\040\0002\0000\000\040\000d\000e\000\040\000m\000a\000y\000o\000\040\040\024\000\040\000C\000a\000r\000a\000c\000t\000e\000r\000i\000z\000a\000c\000i\000\363\000n\000\040\000e\000s\000p\000e\000c\000t\000r\000a\000l\000\040\000y\000\040\000c\000a\000d\000e\000n\000a\000\040\000a\000n\000a\000l\000\363\000g\000i\000c\000a\000\040\000c\000o\000m\000p\000l\000e\000t\000a}{section.7}% 87
\BOOKMARK [2][-]{subsection.7.5}{\376\377\000D\000e\000l\000\040\0002\0004\000\040\000d\000e\000\040\000m\000a\000y\000o\000\040\000a\000l\000\040\0001\0000\000\040\000d\000e\000\040\000j\000u\000n\000i\000o\000\040\040\024\000\040\000E\000l\000\040\000s\000i\000s\000t\000e\000m\000a\000\040\000i\000n\000a\000l\000\341\000m\000b\000r\000i\000c\000o\000\040\000m\000u\000l\000t\000i\000-\000n\000o\000d\000o}{section.7}% 88
\BOOKMARK [2][-]{subsection.7.6}{\376\377\000D\000e\000l\000\040\0001\0004\000\040\000a\000l\000\040\0003\0000\000\040\000d\000e\000\040\000j\000u\000n\000i\000o\000\040\040\024\000\040\000A\000u\000t\000o\000-\000c\000a\000l\000i\000b\000r\000a\000c\000i\000\363\000n\000\040\000d\000e\000l\000\040\000f\000r\000o\000n\000t\000-\000e\000n\000d}{section.7}% 89
\BOOKMARK [2][-]{subsection.7.7}{\376\377\000D\000e\000l\000\040\0001\000\040\000a\000l\000\040\0001\0002\000\040\000d\000e\000\040\000j\000u\000l\000i\000o\000\040\040\024\000\040\000D\000e\000t\000e\000r\000m\000i\000n\000i\000s\000m\000o\000,\000\040\000a\000l\000m\000a\000c\000e\000n\000a\000m\000i\000e\000n\000t\000o\000\040\000y\000\040\000p\000r\000o\000c\000e\000s\000a\000m\000i\000e\000n\000t\000o\000\040\000M\000A\000S\000W}{section.7}% 90
\BOOKMARK [2][-]{subsection.7.8}{\376\377\000D\000e\000l\000\040\0001\0005\000\040\000a\000l\000\040\0002\0009\000\040\000d\000e\000\040\000j\000u\000l\000i\000o\000\040\040\024\000\040\000C\000o\000m\000u\000n\000i\000c\000a\000c\000i\000\363\000n\000\040\000c\000i\000e\000n\000t\000\355\000f\000i\000c\000a\000\040\000y\000\040\000r\000e\000o\000r\000g\000a\000n\000i\000z\000a\000c\000i\000\363\000n}{section.7}% 91
\BOOKMARK [2][-]{subsection.7.9}{\376\377\0001\000\040\000d\000e\000\040\000a\000g\000o\000s\000t\000o\000\040\040\024\000\040\000H\000a\000c\000i\000a\000\040\000e\000l\000\040\000h\000a\000r\000d\000w\000a\000r\000e\000\040\000d\000e\000f\000i\000n\000i\000t\000i\000v\000o\000\040\000y\000\040\000l\000a\000\040\000f\000u\000e\000n\000t\000e\000\040\000s\000\355\000s\000m\000i\000c\000a}{section.7}% 92
\BOOKMARK [2][-]{subsection.7.10}{\376\377\000S\000\355\000n\000t\000e\000s\000i\000s\000:\000\040\000c\000a\000m\000i\000n\000o\000s\000\040\000e\000x\000p\000l\000o\000r\000a\000d\000o\000s\000\040\000y\000\040\000d\000e\000s\000c\000a\000r\000t\000a\000d\000o\000s}{section.7}% 93
\BOOKMARK [1][-]{section.8}{\376\377\000M\000e\000t\000o\000d\000o\000l\000o\000g\000\355\000a\000\040\000e\000x\000p\000e\000r\000i\000m\000e\000n\000t\000a\000l\000\040\000y\000\040\000v\000a\000l\000i\000d\000a\000c\000i\000\363\000n}{}% 94
\BOOKMARK [2][-]{subsection.8.1}{\376\377\000E\000s\000t\000r\000a\000t\000e\000g\000i\000a\000\040\000g\000e\000n\000e\000r\000a\000l\000\040\000d\000e\000\040\000v\000a\000l\000i\000d\000a\000c\000i\000\363\000n}{section.8}% 95
\BOOKMARK [2][-]{subsection.8.2}{\376\377\000M\000o\000d\000e\000l\000a\000d\000o\000\040\000y\000\040\000c\000a\000r\000a\000c\000t\000e\000r\000i\000z\000a\000c\000i\000\363\000n\000\040\000d\000e\000l\000\040\000t\000r\000a\000n\000s\000d\000u\000c\000t\000o\000r}{section.8}% 96
\BOOKMARK [2][-]{subsection.8.3}{\376\377\000V\000a\000l\000i\000d\000a\000c\000i\000\363\000n\000\040\000e\000x\000p\000e\000r\000i\000m\000e\000n\000t\000a\000l\000\040\000d\000e\000l\000\040\000D\000A\000-\000A\000F\000E}{section.8}% 97
\BOOKMARK [3][-]{subsubsection.8.3.1}{\376\377\000D\000i\000s\000e\000\361\000o\000\040\000e\000x\000p\000e\000r\000i\000m\000e\000n\000t\000a\000l}{subsection.8.3}% 98
\BOOKMARK [3][-]{subsubsection.8.3.2}{\376\377\000P\000r\000o\000c\000e\000d\000i\000m\000i\000e\000n\000t\000o\000\040\000d\000e\000\040\000m\000e\000d\000i\000c\000i\000\363\000n}{subsection.8.3}% 99
\BOOKMARK [3][-]{subsubsection.8.3.3}{\376\377\000A\000n\000\341\000l\000i\000s\000i\000s\000\040\000e\000s\000t\000a\000d\000\355\000s\000t\000i\000c\000o}{subsection.8.3}% 100
\BOOKMARK [2][-]{subsection.8.4}{\376\377\000A\000u\000d\000i\000t\000o\000r\000\355\000a\000\040\000p\000r\000e\000-\000c\000a\000m\000p\000o\000\040\000d\000e\000l\000\040\000s\000i\000s\000t\000e\000m\000a\000\040\000c\000o\000m\000p\000l\000e\000t\000o}{section.8}% 101
\BOOKMARK [3][-]{subsubsection.8.4.1}{\376\377\000D\000e\000f\000e\000c\000t\000o\000s\000\040\000c\000r\000\355\000t\000i\000c\000o\000s\000\040\000e\000n\000c\000o\000n\000t\000r\000a\000d\000o\000s\000\040\000y\000\040\000c\000o\000r\000r\000e\000g\000i\000d\000o\000s}{subsection.8.4}% 102
\BOOKMARK [3][-]{subsubsection.8.4.2}{\376\377\000C\000r\000i\000t\000e\000r\000i\000o\000\040\000d\000e\000\040\000a\000c\000e\000p\000t\000a\000c\000i\000\363\000n}{subsection.8.4}% 103
\BOOKMARK [2][-]{subsection.8.5}{\376\377\000E\000l\000\040\000s\000i\000t\000i\000o\000\040\000d\000e\000\040\000e\000n\000s\000a\000y\000o\000:\000\040\000c\000o\000n\000t\000e\000x\000t\000o\000\040\000g\000e\000o\000l\000\363\000g\000i\000c\000o\000\040\000y\000\040\000v\000e\000r\000d\000a\000d\000\040\000d\000e\000\040\000t\000e\000r\000r\000e\000n\000o\000\040\000d\000i\000s\000p\000o\000n\000i\000b\000l\000e}{section.8}% 104
\BOOKMARK [3][-]{subsubsection.8.5.1}{\376\377\000M\000o\000d\000e\000l\000o\000s\000\040\000g\000e\000o\000e\000l\000\351\000c\000t\000r\000i\000c\000o\000s\000\040\000o\000b\000t\000e\000n\000i\000d\000o\000s}{subsection.8.5}% 105
\BOOKMARK [3][-]{subsubsection.8.5.2}{\376\377\000Q\000u\000\351\000\040\000a\000p\000o\000r\000t\000a\000\040\000e\000s\000t\000o\000\040\000a\000l\000\040\000p\000r\000o\000y\000e\000c\000t\000o}{subsection.8.5}% 106
\BOOKMARK [2][-]{subsection.8.6}{\376\377\000C\000a\000m\000p\000a\000\361\000a\000s\000\040\000d\000e\000\040\000m\000e\000d\000i\000c\000i\000\363\000n\000\040\000e\000n\000\040\000c\000a\000m\000p\000o}{section.8}% 107
\BOOKMARK [2][-]{subsection.8.7}{\376\377\000P\000r\000o\000c\000e\000s\000a\000m\000i\000e\000n\000t\000o\000\040\000d\000e\000\040\000l\000o\000s\000\040\000r\000e\000g\000i\000s\000t\000r\000o\000s\000\040\000d\000e\000\040\000c\000a\000m\000p\000o}{section.8}% 108
\BOOKMARK [1][-]{section.9}{\376\377\000R\000e\000s\000u\000l\000t\000a\000d\000o\000s}{}% 109
\BOOKMARK [2][-]{subsection.9.1}{\376\377\000V\000a\000l\000i\000d\000a\000c\000i\000\363\000n\000\040\000e\000x\000p\000e\000r\000i\000m\000e\000n\000t\000a\000l\000\040\000d\000e\000l\000\040\000D\000A\000-\000A\000F\000E}{section.9}% 110
\BOOKMARK [3][-]{subsubsection.9.1.1}{\376\377\000S\000\355\000n\000t\000e\000s\000i\000s\000\040\000d\000e\000\040\000l\000o\000s\000\040\000r\000e\000s\000u\000l\000t\000a\000d\000o\000s}{subsection.9.1}% 111
\BOOKMARK [3][-]{subsubsection.9.1.2}{\376\377\000T\000e\000m\000p\000o\000r\000i\000z\000a\000c\000i\000\363\000n}{subsection.9.1}% 112
\BOOKMARK [3][-]{subsubsection.9.1.3}{\376\377\000L\000i\000m\000i\000t\000a\000c\000i\000o\000n\000e\000s\000\040\000d\000e\000c\000l\000a\000r\000a\000d\000a\000s}{subsection.9.1}% 113
\BOOKMARK [2][-]{subsection.9.2}{\376\377\000V\000a\000l\000i\000d\000a\000c\000i\000\363\000n\000\040\000f\000u\000n\000c\000i\000o\000n\000a\000l\000\040\000d\000e\000l\000\040\000s\000i\000s\000t\000e\000m\000a\000\040\000d\000e\000\040\000a\000d\000q\000u\000i\000s\000i\000c\000i\000\363\000n}{section.9}% 114
\BOOKMARK [2][-]{subsection.9.3}{\376\377\000A\000d\000q\000u\000i\000s\000i\000c\000i\000\363\000n\000\040\000e\000n\000\040\000c\000a\000m\000p\000o\000\040\000y\000\040\000p\000r\000o\000c\000e\000s\000a\000m\000i\000e\000n\000t\000o\000\040\000M\000A\000S\000W}{section.9}% 115
\BOOKMARK [3][-]{subsubsection.9.3.1}{\376\377\000G\000e\000o\000m\000e\000t\000r\000\355\000a\000,\000\040\000m\000u\000e\000s\000t\000r\000e\000o\000\040\000e\000s\000p\000a\000c\000i\000a\000l\000\040\000y\000\040\000a\000l\000c\000a\000n\000c\000e}{subsection.9.3}% 116
\BOOKMARK [3][-]{subsubsection.9.3.2}{\376\377\000D\000o\000s\000\040\000e\000s\000t\000a\000d\000o\000s\000\040\000d\000e\000\040\000i\000n\000v\000e\000r\000s\000i\000\363\000n\000\040\000q\000u\000e\000\040\000n\000o\000\040\000d\000e\000b\000e\000n\000\040\000m\000e\000z\000c\000l\000a\000r\000s\000e}{subsection.9.3}% 117
\BOOKMARK [1][-]{section.10}{\376\377\000T\000r\000a\000b\000a\000j\000o\000s\000\040\000f\000u\000t\000u\000r\000o\000s}{}% 118
\BOOKMARK [2][-]{subsection.10.1}{\376\377\000C\000o\000n\000s\000o\000l\000i\000d\000a\000c\000i\000\363\000n\000\040\000d\000e\000l\000\040\000h\000a\000r\000d\000w\000a\000r\000e\000:\000\040\000d\000e\000\040\000p\000l\000a\000c\000a\000s\000\040\000d\000e\000\040\000d\000e\000s\000a\000r\000r\000o\000l\000l\000o\000\040\000a\000\040\000P\000C\000B\000\040\000p\000r\000o\000p\000i\000a}{section.10}% 119
\BOOKMARK [2][-]{subsection.10.2}{\376\377\000F\000u\000e\000n\000t\000e\000\040\000s\000\355\000s\000m\000i\000c\000a\000\040\000r\000e\000p\000e\000t\000i\000b\000l\000e\000:\000\040\000e\000l\000\040\000m\000a\000r\000t\000i\000l\000l\000o\000\040\000d\000e\000\040\000l\000e\000v\000a}{section.10}% 120
\BOOKMARK [2][-]{subsection.10.3}{\376\377\000C\000o\000n\000e\000c\000t\000i\000v\000i\000d\000a\000d\000\040\000y\000\040\000f\000l\000u\000j\000o\000\040\000d\000e\000\040\000d\000a\000t\000o\000s\000\040\000e\000n\000\040\000c\000a\000m\000p\000o}{section.10}% 121
\BOOKMARK [2][-]{subsection.10.4}{\376\377\000A\000m\000p\000l\000i\000a\000c\000i\000\363\000n\000\040\000d\000e\000l\000\040\000a\000r\000r\000e\000g\000l\000o\000\040\000y\000\040\000c\000a\000m\000p\000a\000\361\000a\000\040\000d\000e\000\040\000v\000a\000l\000i\000d\000a\000c\000i\000\363\000n}{section.10}% 122
\BOOKMARK [2][-]{subsection.10.5}{\376\377\000S\000i\000n\000c\000r\000o\000n\000i\000z\000a\000c\000i\000\363\000n\000:\000\040\000c\000e\000r\000r\000a\000r\000\040\000E\000S\000P\000-\000N\000O\000W\000\040\000y\000\040\000e\000v\000a\000l\000u\000a\000r\000\040\000U\000W\000B}{section.10}% 123
\BOOKMARK [2][-]{subsection.10.6}{\376\377\000C\000a\000r\000a\000c\000t\000e\000r\000i\000z\000a\000c\000i\000\363\000n\000\040\000c\000o\000m\000p\000l\000e\000m\000e\000n\000t\000a\000r\000i\000a\000\040\000d\000e\000\040\000l\000a\000\040\000i\000n\000s\000t\000r\000u\000m\000e\000n\000t\000a\000c\000i\000\363\000n}{section.10}% 124
\BOOKMARK [2][-]{subsection.10.7}{\376\377\000M\000e\000j\000o\000r\000a\000s\000\040\000i\000d\000e\000n\000t\000i\000f\000i\000c\000a\000d\000a\000s\000\040\000y\000\040\000d\000o\000c\000u\000m\000e\000n\000t\000a\000d\000a\000s\000,\000\040\000d\000e\000\040\000m\000e\000n\000o\000r\000\040\000p\000r\000i\000o\000r\000i\000d\000a\000d}{section.10}% 125
\BOOKMARK [1][-]{section.11}{\376\377\000C\000o\000n\000c\000l\000u\000s\000i\000o\000n\000e\000s\000\040\000p\000a\000r\000c\000i\000a\000l\000e\000s}{}% 126
\BOOKMARK [1][-]{appendix.Alph1}{\376\377\000A\000p\000\351\000n\000d\000i\000c\000e\000:\000\040\000i\000n\000v\000e\000n\000t\000a\000r\000i\000o\000\040\000d\000e\000\040\000l\000o\000\040\000d\000e\000s\000a\000r\000r\000o\000l\000l\000a\000d\000o}{}% 127
\BOOKMARK [2][-]{subsection.Alph1.1}{\376\377\000F\000i\000r\000m\000w\000a\000r\000e}{appendix.Alph1}% 128
\BOOKMARK [2][-]{subsection.Alph1.2}{\376\377\000M\000o\000d\000e\000l\000a\000d\000o\000\040\000y\000\040\000a\000n\000\341\000l\000i\000s\000i\000s\000\040\000\050\000M\000A\000T\000L\000A\000B\000\040\000/\000\040\000S\000i\000m\000u\000l\000i\000n\000k\000\051}{appendix.Alph1}% 129
\BOOKMARK [2][-]{subsection.Alph1.3}{\376\377\000P\000r\000o\000c\000e\000s\000a\000m\000i\000e\000n\000t\000o\000\040\000\050\000P\000y\000t\000h\000o\000n\000\051}{appendix.Alph1}% 130
\BOOKMARK [2][-]{subsection.Alph1.4}{\376\377\000D\000o\000c\000u\000m\000e\000n\000t\000a\000c\000i\000\363\000n\000\040\000p\000r\000o\000d\000u\000c\000i\000d\000a}{appendix.Alph1}% 131
\BOOKMARK [2][-]{subsection.Alph1.5}{\376\377\000D\000a\000t\000o\000s\000\040\000e\000x\000p\000e\000r\000i\000m\000e\000n\000t\000a\000l\000e\000s}{appendix.Alph1}% 132
\BOOKMARK [1][-]{appendix.Alph2}{\376\377\000A\000p\000\351\000n\000d\000i\000c\000e\000:\000\040\000p\000r\000e\000g\000u\000n\000t\000a\000s\000\040\000a\000b\000i\000e\000r\000t\000a\000s\000\040\000y\000\040\000d\000a\000t\000o\000s\000\040\000p\000o\000r\000\040\000c\000o\000m\000p\000l\000e\000t\000a\000r}{}% 133
\BOOKMARK [2][-]{subsection.Alph2.1}{\376\377\000D\000a\000t\000o\000s\000\040\000e\000x\000p\000e\000r\000i\000m\000e\000n\000t\000a\000l\000e\000s\000\040\000p\000o\000r\000\040\000c\000o\000m\000p\000l\000e\000t\000a\000r}{appendix.Alph2}% 134
\BOOKMARK [2][-]{subsection.Alph2.2}{\376\377\000H\000a\000l\000l\000a\000z\000g\000o\000s\000\040\000d\000e\000l\000\040\0001\0002\000/\0000\0008\000/\0002\0000\0002\0006\000\040\000q\000u\000e\000\040\000a\000b\000r\000e\000n\000\040\000c\000u\000e\000s\000t\000i\000o\000n\000e\000s\000\040\000n\000u\000e\000v\000a\000s}{appendix.Alph2}% 135
\BOOKMARK [2][-]{subsection.Alph2.3}{\376\377\000D\000e\000c\000i\000s\000i\000o\000n\000e\000s\000\040\000e\000d\000i\000t\000o\000r\000i\000a\000l\000e\000s\000\040\000d\000e\000l\000\040\000d\000o\000c\000u\000m\000e\000n\000t\000o}{appendix.Alph2}% 136
\BOOKMARK [2][-]{subsection.Alph2.4}{\376\377\000O\000p\000o\000r\000t\000u\000n\000i\000d\000a\000d\000\040\000i\000d\000e\000n\000t\000i\000f\000i\000c\000a\000d\000a}{appendix.Alph2}% 137
\BOOKMARK [2][-]{subsection.Alph2.5}{\376\377\000R\000e\000g\000i\000s\000t\000r\000o\000:\000\040\000c\000u\000e\000s\000t\000i\000o\000n\000e\000s\000\040\000r\000e\000s\000u\000e\000l\000t\000a\000s\000\040\000e\000\040\000i\000n\000c\000o\000r\000p\000o\000r\000a\000d\000a\000s\000\040\000a\000l\000\040\000d\000o\000c\000u\000m\000e\000n\000t\000o}{appendix.Alph2}% 138
