\BOOKMARK [1][-]{section.1}{\376\377\000I\000n\000t\000r\000o\000d\000u\000c\000c\000i\000\363\000n}{}% 1
\BOOKMARK [1][-]{section.2}{\376\377\000D\000e\000l\000\040\000p\000r\000o\000b\000l\000e\000m\000a\000\040\000g\000e\000o\000t\000\351\000c\000n\000i\000c\000o\000\040\000a\000\040\000l\000a\000s\000\040\000o\000n\000d\000a\000s\000\040\000d\000e\000\040\000R\000a\000y\000l\000e\000i\000g\000h}{}% 2
\BOOKMARK [2][-]{subsection.2.1}{\376\377\000A\000p\000l\000i\000c\000a\000c\000i\000\363\000n\000\040\000e\000n\000\040\000c\000o\000n\000s\000t\000r\000u\000c\000c\000i\000\363\000n\000\040\000y\000\040\000e\000x\000p\000l\000o\000r\000a\000c\000i\000\363\000n\000\040\000d\000e\000l\000\040\000t\000e\000r\000r\000e\000n\000o}{section.2}% 3
\BOOKMARK [1][-]{section.3}{\376\377\000B\000r\000e\000c\000h\000a\000\040\000d\000e\000\040\000i\000n\000s\000t\000r\000u\000m\000e\000n\000t\000a\000c\000i\000\363\000n\000\040\000y\000\040\000o\000b\000j\000e\000t\000i\000v\000o\000\040\000d\000e\000l\000\040\000t\000r\000a\000b\000a\000j\000o}{}% 4
\BOOKMARK [2][-]{subsection.3.1}{\376\377\000C\000o\000s\000t\000o\000\040\000i\000n\000d\000i\000c\000a\000t\000i\000v\000o\000\040\000d\000e\000\040\000u\000n\000\040\000n\000o\000d\000o}{section.3}% 5
\BOOKMARK [2][-]{subsection.3.2}{\376\377\000A\000l\000c\000a\000n\000c\000e\000\040\000d\000e\000\040\000e\000s\000t\000a\000\040\000p\000r\000i\000m\000e\000r\000a\000\040\000i\000t\000e\000r\000a\000c\000i\000\363\000n}{section.3}% 6
\BOOKMARK [1][-]{section.4}{\376\377\000A\000r\000q\000u\000i\000t\000e\000c\000t\000u\000r\000a\000\040\000d\000e\000\040\000a\000l\000t\000o\000\040\000n\000i\000v\000e\000l}{}% 7
\BOOKMARK [1][-]{section.5}{\376\377\000A\000c\000o\000n\000d\000i\000c\000i\000o\000n\000a\000m\000i\000e\000n\000t\000o\000\040\000d\000e\000l\000\040\000g\000e\000\363\000f\000o\000n\000o\000\040\000S\000M\000-\0002\0004}{}% 8
\BOOKMARK [2][-]{subsection.5.1}{\376\377\000T\000o\000p\000o\000l\000o\000g\000\355\000a\000\040\000s\000e\000l\000e\000c\000c\000i\000o\000n\000a\000d\000a}{section.5}% 9
\BOOKMARK [2][-]{subsection.5.2}{\376\377\000L\000\355\000m\000i\000t\000e\000\040\000f\000\355\000s\000i\000c\000o}{section.5}% 10
\BOOKMARK [1][-]{section.6}{\376\377\000F\000r\000e\000n\000t\000e\000\040\000a\000n\000a\000l\000\363\000g\000i\000c\000o\000\040\000a\000s\000i\000s\000t\000i\000d\000o\000\040\000d\000i\000g\000i\000t\000a\000l\000m\000e\000n\000t\000e\000\040\000\050\000D\000A\040\023\000A\000F\000E\000\051}{}% 11
\BOOKMARK [2][-]{subsection.6.1}{\376\377\000R\000e\000s\000u\000l\000t\000a\000d\000o\000\040\000e\000x\000p\000e\000r\000i\000m\000e\000n\000t\000a\000l}{section.6}% 12
\BOOKMARK [1][-]{section.7}{\376\377\000R\000e\000d\000\040\000I\000o\000T\000,\000\040\000E\000S\000P\000-\000N\000O\000W\000\040\000y\000\040\000s\000i\000n\000c\000r\000o\000n\000i\000z\000a\000c\000i\000\363\000n}{}% 13
\BOOKMARK [2][-]{subsection.7.1}{\376\377\000A\000l\000t\000e\000r\000n\000a\000t\000i\000v\000a\000s\000\040\000d\000e\000\040\000m\000e\000j\000o\000r\000a}{section.7}% 14
\BOOKMARK [1][-]{section.8}{\376\377\000P\000o\000r\000t\000a\000b\000i\000l\000i\000d\000a\000d\000:\000\040\000d\000e\000\040\000M\000A\000T\000L\000A\000B\000\040\000y\000\040\000P\000y\000t\000h\000o\000n\000\040\000a\000\040\000u\000n\000a\000\040\000i\000n\000t\000e\000r\000f\000a\000z\000\040\000w\000e\000b}{}% 15
\BOOKMARK [2][-]{subsection.8.1}{\376\377\000C\000\363\000m\000o\000\040\000s\000e\000\040\000m\000u\000e\000v\000e\000n\000\040\000y\000\040\000p\000r\000o\000c\000e\000s\000a\000n\000\040\000l\000o\000s\000\040\000d\000a\000t\000o\000s}{section.8}% 16
\BOOKMARK [1][-]{section.9}{\376\377\000M\000e\000t\000o\000d\000o\000l\000o\000g\000\355\000a\000\040\000d\000e\000\040\000c\000a\000m\000p\000o\000\040\000y\000\040\000f\000l\000u\000j\000o\000\040\000M\000A\000S\000W}{}% 17
\BOOKMARK [2][-]{subsection.9.1}{\376\377\000C\000r\000i\000t\000e\000r\000i\000o\000s\000\040\000d\000e\000\040\000l\000e\000c\000t\000u\000r\000a\000\040\000d\000e\000\040\000r\000e\000s\000u\000l\000t\000a\000d\000o\000s}{section.9}% 18
\BOOKMARK [1][-]{section.10}{\376\377\000R\000e\000g\000i\000s\000t\000r\000o\000s\000\040\000o\000b\000t\000e\000n\000i\000d\000o\000s\000:\000\040\000p\000r\000o\000p\000a\000g\000a\000c\000i\000\363\000n\000\040\000v\000i\000s\000i\000b\000l\000e\000\040\000e\000n\000\040\000c\000a\000m\000p\000o}{}% 19
\BOOKMARK [1][-]{section.11}{\376\377\000C\000o\000n\000t\000e\000n\000i\000d\000o\000\040\000e\000s\000p\000e\000c\000t\000r\000a\000l\000\040\000y\000\040\000l\000\355\000m\000i\000t\000e\000\040\000d\000e\000\040\000b\000a\000j\000a\000\040\000f\000r\000e\000c\000u\000e\000n\000c\000i\000a}{}% 20
\BOOKMARK [2][-]{subsection.11.1}{\376\377\000M\000e\000j\000o\000r\000a\000\040\000i\000n\000m\000e\000d\000i\000a\000t\000a\000\040\000p\000r\000o\000p\000u\000e\000s\000t\000a}{section.11}% 21
\BOOKMARK [1][-]{section.12}{\376\377\000A\000u\000d\000i\000t\000o\000r\000\355\000a\000\040\000d\000e\000l\000\040\000p\000i\000c\000k\000i\000n\000g\000:\000\040\000p\000o\000r\000\040\000q\000u\000\351\000\040\000a\000p\000a\000r\000e\000c\000e\000n\000\040\000d\000o\000s\000\040\000c\000u\000r\000v\000a\000s}{}% 22
\BOOKMARK [1][-]{section.13}{\376\377\000I\000n\000v\000e\000r\000s\000i\000\363\000n\000\040\000d\000e\000\040\000l\000a\000\040\000c\000u\000r\000v\000a\000\040\000n\000a\000r\000a\000n\000j\000a\000\040\000c\000o\000n\000\040\000g\000e\000o\000m\000e\000t\000r\000\355\000a\000\040\000d\000e\000l\000\040\000S\000E\000V}{}% 23
\BOOKMARK [1][-]{section.14}{\376\377\000C\000o\000n\000t\000r\000a\000s\000t\000e\000\040\000c\000o\000n\000\040\000e\000l\000\040\000i\000n\000f\000o\000r\000m\000e\000\040\000h\000i\000d\000r\000o\000g\000e\000o\000l\000\363\000g\000i\000c\000o\000\040\000y\000\040\000a\000l\000c\000a\000n\000c\000e\000\040\000c\000o\000n\000s\000t\000r\000u\000c\000t\000i\000v\000o}{}% 24
\BOOKMARK [2][-]{subsection.14.1}{\376\377\000C\000o\000n\000c\000l\000u\000s\000i\000o\000n\000e\000s\000\040\000p\000a\000r\000c\000i\000a\000l\000e\000s\000\040\000y\000\040\000c\000i\000e\000r\000r\000e\000\040\000p\000r\000e\000v\000i\000s\000t\000o}{section.14}% 25
